Component: ARM Compiler 5.05 update 1 (build 106) Tool: armlink [4d0efa]

==============================================================================

Section Cross References

    main.o(i.main) refers to led.o(i.LED_Init) for LED_Init
    main.o(i.main) refers to key.o(i.KEY_Init) for KEY_Init
    main.o(i.main) refers to beep.o(i.BEEP_Init) for BEEP_Init
    main.o(i.main) refers to usart.o(i.USART1_Init) for USART1_Init
    main.o(i.main) refers to hc_sr04.o(i.HC_SR04_Init) for HC_SR04_Init
    main.o(i.main) refers to dht11.o(i.DHT11_Init) for DHT11_Init
    main.o(i.main) refers to oled.o(i.OLED_Init) for OLED_Init
    main.o(i.main) refers to as608_usart2.o(i.usart2_init) for usart2_init
    main.o(i.main) refers to as608.o(i.PS_StaGPIO_Init) for PS_StaGPIO_Init
    main.o(i.main) refers to oled.o(i.OLED_Clear) for OLED_Clear
    main.o(i.main) refers to dht11.o(i.DTH11_Get_Print) for DTH11_Get_Print
    main.o(i.main) refers to delay.o(i.delay_ms) for delay_ms
    main.o(i.main) refers to oled_display.o(i.OLED_Dispaly_System) for OLED_Dispaly_System
    main.o(i.main) refers to oled_display.o(i.OLED_Dispaly_System_choose) for OLED_Dispaly_System_choose
    main.o(i.main) refers to key.o(i.KEY_Check) for KEY_Check
    main.o(i.main) refers to oled_display.o(i.OLED_Dispaly_Warming) for OLED_Dispaly_Warming
    main.o(i.main) refers to oled.o(i.OLED_DrawBMP) for OLED_DrawBMP
    main.o(i.main) refers to as608_func.o(i.press_FR) for press_FR
    main.o(i.main) refers to main.o(i.re_pwd_buf) for re_pwd_buf
    main.o(i.main) refers to oled_display.o(i.OLED_Dispaly_System_Pwdmod) for OLED_Dispaly_System_Pwdmod
    main.o(i.main) refers to oled_display.o(i.OLED_Dispaly_System_Pwdmod_Pwd) for OLED_Dispaly_System_Pwdmod_Pwd
    main.o(i.main) refers to oled_display.o(i.OLED_Dispaly_System_Pwdmod_Choose) for OLED_Dispaly_System_Pwdmod_Choose
    main.o(i.main) refers to main.o(i.pwd_comp) for pwd_comp
    main.o(i.main) refers to oled_display.o(i.OLED_Dispaly_Admin) for OLED_Dispaly_Admin
    main.o(i.main) refers to oled_display.o(i.OLED_Dispaly_Admin_Choose) for OLED_Dispaly_Admin_Choose
    main.o(i.main) refers to as608_func.o(.bss) for AS608Para
    main.o(i.main) refers to main.o(.data) for warming_flag
    main.o(i.main) refers to oled.o(i.OLED_ShowCHinese) for OLED_ShowCHinese
    main.o(i.main) refers to oled.o(i.OLED_ShowNum) for OLED_ShowNum
    main.o(i.main) refers to main.o(i.pwd_change) for pwd_change
    main.o(i.main) refers to oled_display.o(i.OLED_Dispaly_Admin_System) for OLED_Dispaly_Admin_System
    main.o(i.main) refers to oled_display.o(i.OLED_Dispaly_Admin_System_Choose) for OLED_Dispaly_Admin_System_Choose
    main.o(i.main) refers to main.o(i.pwd_comp2) for pwd_comp2
    main.o(i.pwd_change) refers to main.o(.data) for password_buf
    main.o(i.pwd_comp) refers to main.o(.data) for password_buf
    main.o(i.pwd_comp2) refers to main.o(.data) for password_buf
    main.o(i.re_pwd_buf) refers to main.o(.data) for password_buf
    system_stm32f4xx.o(i.SystemCoreClockUpdate) refers to system_stm32f4xx.o(.data) for SystemCoreClock
    system_stm32f4xx.o(i.SystemInit) refers to system_stm32f4xx.o(i.SetSysClock) for SetSysClock
    startup_stm32f40_41xxx.o(STACK) refers (Special) to heapauxi.o(.text) for __use_two_region_memory
    startup_stm32f40_41xxx.o(HEAP) refers (Special) to heapauxi.o(.text) for __use_two_region_memory
    startup_stm32f40_41xxx.o(RESET) refers (Special) to heapauxi.o(.text) for __use_two_region_memory
    startup_stm32f40_41xxx.o(RESET) refers to startup_stm32f40_41xxx.o(STACK) for __initial_sp
    startup_stm32f40_41xxx.o(RESET) refers to startup_stm32f40_41xxx.o(.text) for Reset_Handler
    startup_stm32f40_41xxx.o(RESET) refers to stm32f4xx_it.o(i.NMI_Handler) for NMI_Handler
    startup_stm32f40_41xxx.o(RESET) refers to stm32f4xx_it.o(i.HardFault_Handler) for HardFault_Handler
    startup_stm32f40_41xxx.o(RESET) refers to stm32f4xx_it.o(i.MemManage_Handler) for MemManage_Handler
    startup_stm32f40_41xxx.o(RESET) refers to stm32f4xx_it.o(i.BusFault_Handler) for BusFault_Handler
    startup_stm32f40_41xxx.o(RESET) refers to stm32f4xx_it.o(i.UsageFault_Handler) for UsageFault_Handler
    startup_stm32f40_41xxx.o(RESET) refers to stm32f4xx_it.o(i.SVC_Handler) for SVC_Handler
    startup_stm32f40_41xxx.o(RESET) refers to stm32f4xx_it.o(i.DebugMon_Handler) for DebugMon_Handler
    startup_stm32f40_41xxx.o(RESET) refers to stm32f4xx_it.o(i.PendSV_Handler) for PendSV_Handler
    startup_stm32f40_41xxx.o(RESET) refers to stm32f4xx_it.o(i.SysTick_Handler) for SysTick_Handler
    startup_stm32f40_41xxx.o(RESET) refers to usart.o(i.USART1_IRQHandler) for USART1_IRQHandler
    startup_stm32f40_41xxx.o(RESET) refers to as608_usart2.o(i.USART2_IRQHandler) for USART2_IRQHandler
    startup_stm32f40_41xxx.o(RESET) refers to timer.o(i.TIM7_IRQHandler) for TIM7_IRQHandler
    startup_stm32f40_41xxx.o(.text) refers (Special) to heapauxi.o(.text) for __use_two_region_memory
[...]
    ../clib/printf.c                         0x00000000   Number         0  _printf_hex_ll_ptr.o ABSOLUTE
    ../clib/printf.c                         0x00000000   Number         0  _printf_hex_int_ll_ptr.o ABSOLUTE
    ../clib/printf.c                         0x00000000   Number         0  __printf_flags.o ABSOLUTE
    ../clib/printf.c                         0x00000000   Number         0  _printf_pad.o ABSOLUTE
    ../clib/printf.c                         0x00000000   Number         0  _printf_wchar.o ABSOLUTE
    ../clib/printf.c                         0x00000000   Number         0  __printf_nopercent.o ABSOLUTE
    ../clib/printf.c                         0x00000000   Number         0  _printf_fp_dec.o ABSOLUTE
    ../clib/printf.c                         0x00000000   Number         0  _printf_truncate.o ABSOLUTE
    ../clib/printf.c                         0x00000000   Number         0  _printf_intcommon.o ABSOLUTE
    ../clib/printf.c                         0x00000000   Number         0  _printf_charcount.o ABSOLUTE
    ../clib/printf.c                         0x00000000   Number         0  _printf_hex_int_ptr.o ABSOLUTE
    ../clib/printf.c                         0x00000000   Number         0  __printf_flags_ss_wp.o ABSOLUTE
    ../clib/printf.c                         0x00000000   Number         0  __printf_ss_wp.o ABSOLUTE
    ../clib/printf.c                         0x00000000   Number         0  __printf_flags_wp.o ABSOLUTE
    ../clib/printf.c                         0x00000000   Number         0  __printf_wp.o ABSOLUTE
    ../clib/printf.c                         0x00000000   Number         0  c89vsprintf.o ABSOLUTE
    ../clib/printf.c                         0x00000000   Number         0  __2printf.o ABSOLUTE
    ../clib/printf.c                         0x00000000   Number         0  __printf_flags_ss.o ABSOLUTE
    ../clib/printf.c                         0x00000000   Number         0  noretval__2printf.o ABSOLUTE
    ../clib/printf.c                         0x00000000   Number         0  __printf.o ABSOLUTE
    ../clib/printf.c                         0x00000000   Number         0  _printf_str.o ABSOLUTE
    ../clib/printf.c                         0x00000000   Number         0  _printf_dec.o ABSOLUTE
    ../clib/printf.c                         0x00000000   Number         0  __printf_ss.o ABSOLUTE
    ../clib/printf.c                         0x00000000   Number         0  _printf_hex_ll.o ABSOLUTE
    ../clib/printf.c                         0x00000000   Number         0  _printf_hex_int.o ABSOLUTE
    ../clib/printf.c                         0x00000000   Number         0  _printf_hex_int_ll.o ABSOLUTE
    ../clib/printf.c                         0x00000000   Number         0  _printf_hex_ptr.o ABSOLUTE
    ../clib/printf_percent.s                 0x00000000   Number         0  _printf_e.o ABSOLUTE
    ../clib/printf_percent.s                 0x00000000   Number         0  _printf_llo.o ABSOLUTE
    ../clib/printf_percent.s                 0x00000000   Number         0  _printf_g.o ABSOLUTE
    ../clib/printf_percent.s                 0x00000000   Number         0  _printf_a.o ABSOLUTE
    ../clib/printf_percent.s                 0x00000000   Number         0  _printf_llx.o ABSOLUTE
    ../clib/printf_percent.s                 0x00000000   Number         0  _printf_percent.o ABSOLUTE
    ../clib/printf_percent.s                 0x00000000   Number         0  _printf_d.o ABSOLUTE
    ../clib/printf_percent.s                 0x00000000   Number         0  _printf_x.o ABSOLUTE
    ../clib/printf_percent.s                 0x00000000   Number         0  _printf_s.o ABSOLUTE
    ../clib/printf_percent.s                 0x00000000   Number         0  _printf_ls.o ABSOLUTE
    ../clib/printf_percent.s                 0x00000000   Number         0  _printf_i.o ABSOLUTE
    ../clib/printf_percent.s                 0x00000000   Number         0  _printf_f.o ABSOLUTE
    ../clib/printf_percent.s                 0x00000000   Number         0  _printf_o.o ABSOLUTE
    ../clib/printf_percent.s                 0x00000000   Number         0  _printf_u.o ABSOLUTE
    ../clib/printf_percent.s                 0x00000000   Number         0  _printf_percent_end.o ABSOLUTE
    ../clib/printf_percent.s                 0x00000000   Number         0  _printf_p.o ABSOLUTE
    ../clib/printf_percent.s                 0x00000000   Number         0  _printf_n.o ABSOLUTE
    ../clib/printf_percent.s                 0x00000000   Number         0  _printf_lli.o ABSOLUTE
    ../clib/printf_percent.s                 0x00000000   Number         0  _printf_lld.o ABSOLUTE
    ../clib/printf_percent.s                 0x00000000   Number         0  _printf_llu.o ABSOLUTE
    ../clib/printf_percent.s                 0x00000000   Number         0  _printf_ll.o ABSOLUTE
    ../clib/printf_percent.s                 0x00000000   Number         0  _printf_l.o ABSOLUTE
    ../clib/printf_percent.s                 0x00000000   Number         0  _printf_lc.o ABSOLUTE
    ../clib/printf_percent.s                 0x00000000   Number         0  _printf_c.o ABSOLUTE
    ../clib/scanf.c                          0x00000000   Number         0  strtol.o ABSOLUTE
    ../clib/scanf.c                          0x00000000   Number         0  _chval.o ABSOLUTE
    ../clib/scanf.c                          0x00000000   Number         0  _strtoul.o ABSOLUTE
    ../clib/scanf.c                          0x00000000   Number         0  atoi.o ABSOLUTE
    ../clib/signal.c                         0x00000000   Number         0  defsig_other.o ABSOLUTE
    ../clib/signal.c                         0x00000000   Number         0  defsig_segv_inner.o ABSOLUTE
    ../clib/signal.c                         0x00000000   Number         0  defsig_cppl_inner.o ABSOLUTE
    ../clib/signal.c                         0x00000000   Number         0  defsig_pvfn_inner.o ABSOLUTE
    ../clib/signal.c                         0x00000000   Number         0  defsig_stak_inner.o ABSOLUTE
    ../clib/signal.c                         0x00000000   Number         0  defsig_rtred_inner.o ABSOLUTE
    ../clib/signal.c                         0x00000000   Number         0  defsig_fpe_inner.o ABSOLUTE
    ../clib/signal.c                         0x00000000   Number         0  defsig_abrt_inner.o ABSOLUTE
    ../clib/signal.c                         0x00000000   Number         0  defsig_general.o ABSOLUTE
    ../clib/signal.c                         0x00000000   Number         0  defsig_rtmem_inner.o ABSOLUTE
    ../clib/signal.c                         0x00000000   Number         0  defsig_exit.o ABSOLUTE
    ../clib/signal.c                         0x00000000   Number         0  defsig_rtmem_formal.o ABSOLUTE
    ../clib/signal.c                         0x00000000   Number         0  defsig_rtmem_outer.o ABSOLUTE
    ../clib/signal.c                         0x00000000   Number         0  __raise.o ABSOLUTE
    ../clib/signal.s                         0x00000000   Number         0  defsig.o ABSOLUTE
    ../clib/stdio.c                          0x00000000   Number         0  ferror_locked.o ABSOLUTE
    ../clib/stdio.c                          0x00000000   Number         0  ferror.o ABSOLUTE
    ../clib/stdlib.c                         0x00000000   Number         0  exit.o ABSOLUTE
    ../clib/string.c                         0x00000000   Number         0  strstr.o ABSOLUTE
    ../clib/string.c                         0x00000000   Number         0  strlen.o ABSOLUTE
    ../clib/string.c                         0x00000000   Number         0  strncmp.o ABSOLUTE
    ../fplib/d2f.s                           0x00000000   Number         0  d2f.o ABSOLUTE
    ../fplib/dmul.s                          0x00000000   Number         0  dmul.o ABSOLUTE
    ../fplib/dnaninf.s                       0x00000000   Number         0  dnaninf.o ABSOLUTE
    ../fplib/dretinf.s                       0x00000000   Number         0  dretinf.o ABSOLUTE
    ../fplib/f2d.s                           0x00000000   Number         0  f2d.o ABSOLUTE
    ../fplib/fnaninf.s                       0x00000000   Number         0  fnaninf.o ABSOLUTE
    ../fplib/fpinit.s                        0x00000000   Number         0  fpinit.o ABSOLUTE
    ../fplib/fretinf.s                       0x00000000   Number         0  fretinf.o ABSOLUTE
    ../fplib/istatus.s                       0x00000000   Number         0  istatus.o ABSOLUTE
    ../fplib/printf1.s                       0x00000000   Number         0  printf1.o ABSOLUTE
    ../fplib/usenofp.s                       0x00000000   Number         0  usenofp.o ABSOLUTE
    ../mathlib/fpclassify.c                  0x00000000   Number         0  fpclassify.o ABSOLUTE
    ..\CORE\startup_stm32f40_41xxx.s         0x00000000   Number         0  startup_stm32f40_41xxx.o ABSOLUTE
    ..\FWLIB\src\misc.c                      0x00000000   Number         0  misc.o ABSOLUTE
    ..\FWLIB\src\stm32f4xx_gpio.c            0x00000000   Number         0  stm32f4xx_gpio.o ABSOLUTE
    ..\FWLIB\src\stm32f4xx_rcc.c             0x00000000   Number         0  stm32f4xx_rcc.o ABSOLUTE
    ..\FWLIB\src\stm32f4xx_tim.c             0x00000000   Number         0  stm32f4xx_tim.o ABSOLUTE
    ..\FWLIB\src\stm32f4xx_usart.c           0x00000000   Number         0  stm32f4xx_usart.o ABSOLUTE
    ..\HARDWARE\OLED\oled.c                  0x00000000   Number         0  oled.o ABSOLUTE
    ..\HARDWARE\as608\as608.c                0x00000000   Number         0  as608.o ABSOLUTE
    ..\HARDWARE\as608\as608_func.c           0x00000000   Number         0  as608_func.o ABSOLUTE
    ..\HARDWARE\as608_usart2\as608_usart2.c  0x00000000   Number         0  as608_usart2.o ABSOLUTE
    ..\HARDWARE\beep\beep.c                  0x00000000   Number         0  beep.o ABSOLUTE
    ..\HARDWARE\delay\delay.c                0x00000000   Number         0  delay.o ABSOLUTE
    ..\HARDWARE\dht11\dht11.c                0x00000000   Number         0  dht11.o ABSOLUTE
    ..\HARDWARE\hc_sr04\hc_sr04.c            0x00000000   Number         0  hc_sr04.o ABSOLUTE
    ..\HARDWARE\key\key.c                    0x00000000   Number         0  key.o ABSOLUTE
    ..\HARDWARE\led\led.c                    0x00000000   Number         0  led.o ABSOLUTE
    ..\HARDWARE\oled\oled_display.c          0x00000000   Number         0  oled_display.o ABSOLUTE
    ..\HARDWARE\timer\timer.c                0x00000000   Number         0  timer.o ABSOLUTE
    ..\HARDWARE\usart\usart.c                0x00000000   Number         0  usart.o ABSOLUTE
    ..\SYSTEM\sys\sys.c                      0x00000000   Number         0  sys.o ABSOLUTE
    ..\\FWLIB\\src\\misc.c                   0x00000000   Number         0  misc.o ABSOLUTE
    ..\\FWLIB\\src\\stm32f4xx_gpio.c         0x00000000   Number         0  stm32f4xx_gpio.o ABSOLUTE
    ..\\FWLIB\\src\\stm32f4xx_rcc.c          0x00000000   Number         0  stm32f4xx_rcc.o ABSOLUTE
    ..\\FWLIB\\src\\stm32f4xx_tim.c          0x00000000   Number         0  stm32f4xx_tim.o ABSOLUTE
    ..\\FWLIB\\src\\stm32f4xx_usart.c        0x00000000   Number         0  stm32f4xx_usart.o ABSOLUTE
    ..\\HARDWARE\\OLED\\oled.c               0x00000000   Number         0  oled.o ABSOLUTE
    ..\\HARDWARE\\as608\\as608.c             0x00000000   Number         0  as608.o ABSOLUTE
    ..\\HARDWARE\\as608\\as608_func.c        0x00000000   Number         0  as608_func.o ABSOLUTE
    ..\\HARDWARE\\as608_usart2\\as608_usart2.c 0x00000000   Number         0  as608_usart2.o ABSOLUTE
    ..\\HARDWARE\\beep\\beep.c               0x00000000   Number         0  beep.o ABSOLUTE
    ..\\HARDWARE\\delay\\delay.c             0x00000000   Number         0  delay.o ABSOLUTE
    ..\\HARDWARE\\dht11\\dht11.c             0x00000000   Number         0  dht11.o ABSOLUTE
    ..\\HARDWARE\\hc_sr04\\hc_sr04.c         0x00000000   Number         0  hc_sr04.o ABSOLUTE
    ..\\HARDWARE\\key\\key.c                 0x00000000   Number         0  key.o ABSOLUTE
    ..\\HARDWARE\\led\\led.c                 0x00000000   Number         0  led.o ABSOLUTE
    ..\\HARDWARE\\oled\\oled_display.c       0x00000000   Number         0  oled_display.o ABSOLUTE
    ..\\HARDWARE\\timer\\timer.c             0x00000000   Number         0  timer.o ABSOLUTE
    ..\\HARDWARE\\usart\\usart.c             0x00000000   Number         0  usart.o ABSOLUTE
    dc.s                                     0x00000000   Number         0  dc.o ABSOLUTE
    main.c                                   0x00000000   Number         0  main.o ABSOLUTE
    main.c                                   0x00000000   Number         0  main.o ABSOLUTE
    stm32f4xx_it.c                           0x00000000   Number         0  stm32f4xx_it.o ABSOLUTE
    stm32f4xx_it.c                           0x00000000   Number         0  stm32f4xx_it.o ABSOLUTE
    system_stm32f4xx.c                       0x00000000   Number         0  system_stm32f4xx.o ABSOLUTE
    system_stm32f4xx.c                       0x00000000   Number         0  system_stm32f4xx.o ABSOLUTE
    RESET                                    0x08000000   Section      392  startup_stm32f40_41xxx.o(RESET)
    !!!main                                  0x08000188   Section        8  __main.o(!!!main)
    !!!scatter                               0x08000190   Section       52  __scatter.o(!!!scatter)
    !!dclz77c                                0x080001c4   Section      100  __dclz77c.o(!!dclz77c)
    !!handler_zi                             0x08000228   Section       28  __scatter_zi.o(!!handler_zi)
    .ARM.Collect$$_printf_percent$$00000000  0x08000244   Section        0  _printf_percent.o(.ARM.Collect$$_printf_percent$$00000000)
    .ARM.Collect$$_printf_percent$$00000009  0x08000244   Section        6  _printf_d.o(.ARM.Collect$$_printf_percent$$00000009)
    .ARM.Collect$$_printf_percent$$00000017  0x0800024a   Section        4  _printf_percent_end.o(.ARM.Collect$$_printf_percent$$00000017)
    .ARM.Collect$$libinit$$00000000          0x0800024e   Section        2  libinit.o(.ARM.Collect$$libinit$$00000000)
    .ARM.Collect$$libinit$$00000001          0x08000250   Section        4  libinit2.o(.ARM.Collect$$libinit$$00000001)
    .ARM.Collect$$libinit$$00000004          0x08000254   Section        0  libinit2.o(.ARM.Collect$$libinit$$00000004)
    .ARM.Collect$$libinit$$0000000A          0x08000254   Section        0  libinit2.o(.ARM.Collect$$libinit$$0000000A)
    .ARM.Collect$$libinit$$0000000C          0x08000254   Section        0  libinit2.o(.ARM.Collect$$libinit$$0000000C)
    .ARM.Collect$$libinit$$0000000E          0x08000254   Section        0  libinit2.o(.ARM.Collect$$libinit$$0000000E)
    .ARM.Collect$$libinit$$00000011          0x08000254   Section        0  libinit2.o(.ARM.Collect$$libinit$$00000011)
    .ARM.Collect$$libinit$$00000013          0x08000254   Section        0  libinit2.o(.ARM.Collect$$libinit$$00000013)
    .ARM.Collect$$libinit$$00000015          0x08000254   Section        0  libinit2.o(.ARM.Collect$$libinit$$00000015)
    .ARM.Collect$$libinit$$00000017          0x08000254   Section        0  libinit2.o(.ARM.Collect$$libinit$$00000017)
    .ARM.Collect$$libinit$$00000019          0x08000254   Section        0  libinit2.o(.ARM.Collect$$libinit$$00000019)
    .ARM.Collect$$libinit$$0000001B          0x08000254   Section        0  libinit2.o(.ARM.Collect$$libinit$$0000001B)
    .ARM.Collect$$libinit$$0000001D          0x08000254   Section        0  libinit2.o(.ARM.Collect$$libinit$$0000001D)
    .ARM.Collect$$libinit$$0000001F          0x08000254   Section        0  libinit2.o(.ARM.Collect$$libinit$$0000001F)
    .ARM.Collect$$libinit$$00000021          0x08000254   Section        0  libinit2.o(.ARM.Collect$$libinit$$00000021)
    .ARM.Collect$$libinit$$00000023          0x08000254   Section        0  libinit2.o(.ARM.Collect$$libinit$$00000023)
    .ARM.Collect$$libinit$$00000025          0x08000254   Section        0  libinit2.o(.ARM.Collect$$libinit$$00000025)
    .ARM.Collect$$libinit$$0000002C          0x08000254   Section        0  libinit2.o(.ARM.Collect$$libinit$$0000002C)
    .ARM.Collect$$libinit$$0000002E          0x08000254   Section        0  libinit2.o(.ARM.Collect$$libinit$$0000002E)
    .ARM.Collect$$libinit$$00000030          0x08000254   Section        0  libinit2.o(.ARM.Collect$$libinit$$00000030)
    .ARM.Collect$$libinit$$00000032          0x08000254   Section        0  libinit2.o(.ARM.Collect$$libinit$$00000032)
    .ARM.Collect$$libinit$$00000033          0x08000254   Section        2  libinit2.o(.ARM.Collect$$libinit$$00000033)
    .ARM.Collect$$libshutdown$$00000000      0x08000256   Section        2  libshutdown.o(.ARM.Collect$$libshutdown$$00000000)
    .ARM.Collect$$libshutdown$$00000003      0x08000258   Section        0  libshutdown2.o(.ARM.Collect$$libshutdown$$00000003)
    .ARM.Collect$$libshutdown$$00000006      0x08000258   Section        0  libshutdown2.o(.ARM.Collect$$libshutdown$$00000006)
    .ARM.Collect$$libshutdown$$00000009      0x08000258   Section        0  libshutdown2.o(.ARM.Collect$$libshutdown$$00000009)
    .ARM.Collect$$libshutdown$$0000000B      0x08000258   Section        0  libshutdown2.o(.ARM.Collect$$libshutdown$$0000000B)
    .ARM.Collect$$libshutdown$$0000000E      0x08000258   Section        0  libshutdown2.o(.ARM.Collect$$libshutdown$$0000000E)
    .ARM.Collect$$libshutdown$$0000000F      0x08000258   Section        2  libshutdown2.o(.ARM.Collect$$libshutdown$$0000000F)
    .ARM.Collect$$rtentry$$00000000          0x0800025a   Section        0  __rtentry.o(.ARM.Collect$$rtentry$$00000000)
    .ARM.Collect$$rtentry$$00000002          0x0800025a   Section        0  __rtentry2.o(.ARM.Collect$$rtentry$$00000002)
    .ARM.Collect$$rtentry$$00000004          0x0800025a   Section        6  __rtentry4.o(.ARM.Collect$$rtentry$$00000004)
    .ARM.Collect$$rtentry$$00000009          0x08000260   Section        0  __rtentry2.o(.ARM.Collect$$rtentry$$00000009)
    .ARM.Collect$$rtentry$$0000000A          0x08000260   Section        4  __rtentry2.o(.ARM.Collect$$rtentry$$0000000A)
    .ARM.Collect$$rtentry$$0000000C          0x08000264   Section        0  __rtentry2.o(.ARM.Collect$$rtentry$$0000000C)
    .ARM.Collect$$rtentry$$0000000D          0x08000264   Section        8  __rtentry2.o(.ARM.Collect$$rtentry$$0000000D)
    .ARM.Collect$$rtexit$$00000000           0x0800026c   Section        2  rtexit.o(.ARM.Collect$$rtexit$$00000000)
    .ARM.Collect$$rtexit$$00000002           0x0800026e   Section        0  rtexit2.o(.ARM.Collect$$rtexit$$00000002)
    .ARM.Collect$$rtexit$$00000003           0x0800026e   Section        4  rtexit2.o(.ARM.Collect$$rtexit$$00000003)
    .ARM.Collect$$rtexit$$00000004           0x08000272   Section        6  rtexit2.o(.ARM.Collect$$rtexit$$00000004)
    .text                                    0x08000278   Section       64  startup_stm32f40_41xxx.o(.text)
    $v0                                      0x08000278   Number         0  startup_stm32f40_41xxx.o(.text)
    .text                                    0x080002b8   Section        2  use_no_semi_2.o(.text)
    .text                                    0x080002bc   Section        0  __2printf.o(.text)
    .text                                    0x080002d4   Section        0  _printf_dec.o(.text)
    .text                                    0x0800034c   Section        0  __printf_flags_ss_wp.o(.text)
    .text                                    0x080004d4   Section        0  strstr.o(.text)
    .text                                    0x080004f8   Section        0  heapauxi.o(.text)
    .text                                    0x080004fe   Section        2  use_no_semi.o(.text)
    .text                                    0x08000500   Section        0  _printf_intcommon.o(.text)
    .text                                    0x080005b4   Section        0  _printf_char_common.o(.text)
    _printf_input_char                       0x080005b5   Thumb Code    10  _printf_char_common.o(.text)
    .text                                    0x080005e4   Section        0  _printf_char_file.o(.text)
    .text                                    0x08000608   Section        8  libspace.o(.text)
    .text                                    0x08000610   Section        0  ferror.o(.text)
    .text                                    0x08000618   Section       74  sys_stackheap_outer.o(.text)
    .text                                    0x08000662   Section        0  exit.o(.text)
    i.BEEP_Close                             0x08000670   Section        0  beep.o(i.BEEP_Close)
    i.BEEP_Init                              0x08000684   Section        0  beep.o(i.BEEP_Init)
    i.BusFault_Handler                       0x080006c4   Section        0  stm32f4xx_it.o(i.BusFault_Handler)
    i.DHT11_Convert_Mode                     0x080006c8   Section        0  dht11.o(i.DHT11_Convert_Mode)
    i.DHT11_Get_Data                         0x08000704   Section        0  dht11.o(i.DHT11_Get_Data)
    i.DHT11_Init                             0x08000820   Section        0  dht11.o(i.DHT11_Init)
    i.DTH11_Get_Print                        0x08000860   Section        0  dht11.o(i.DTH11_Get_Print)
    i.DebugMon_Handler                       0x0800097c   Section        0  stm32f4xx_it.o(i.DebugMon_Handler)
    i.GPIO_Init                              0x0800097e   Section        0  stm32f4xx_gpio.o(i.GPIO_Init)
    i.GPIO_PinAFConfig                       0x08000a0e   Section        0  stm32f4xx_gpio.o(i.GPIO_PinAFConfig)
    i.GPIO_ReadInputDataBit                  0x08000a54   Section        0  stm32f4xx_gpio.o(i.GPIO_ReadInputDataBit)
    i.GPIO_ResetBits                         0x08000a66   Section        0  stm32f4xx_gpio.o(i.GPIO_ResetBits)
    i.GPIO_SetBits                           0x08000a6a   Section        0  stm32f4xx_gpio.o(i.GPIO_SetBits)
    i.HC_SR04_Init                           0x08000a70   Section        0  hc_sr04.o(i.HC_SR04_Init)
    i.HardFault_Handler                      0x08000adc   Section        0  stm32f4xx_it.o(i.HardFault_Handler)
    i.IIC_Start                              0x08000ae0   Section        0  oled.o(i.IIC_Start)
    i.IIC_Stop                               0x08000b20   Section        0  oled.o(i.IIC_Stop)
    i.IIC_Wait_Ack                           0x08000b60   Section        0  oled.o(i.IIC_Wait_Ack)
    i.JudgeStr                               0x08000b9c   Section        0  as608.o(i.JudgeStr)
    JudgeStr                                 0x08000b9d   Thumb Code   122  as608.o(i.JudgeStr)
    i.KEY_Check                              0x08000c24   Section        0  key.o(i.KEY_Check)
    i.KEY_Init                               0x08000c94   Section        0  key.o(i.KEY_Init)
    i.LED_Close                              0x08000cd0   Section        0  led.o(i.LED_Close)
    i.LED_Init                               0x08000d24   Section        0  led.o(i.LED_Init)
    i.LED_Open                               0x08000d80   Section        0  led.o(i.LED_Open)
    i.MYUSART_SendData                       0x08000dd4   Section        0  as608.o(i.MYUSART_SendData)
    MYUSART_SendData                         0x08000dd5   Thumb Code    22  as608.o(i.MYUSART_SendData)
    i.MemManage_Handler                      0x08000df0   Section        0  stm32f4xx_it.o(i.MemManage_Handler)
    i.NMI_Handler                            0x08000df4   Section        0  stm32f4xx_it.o(i.NMI_Handler)
    i.NVIC_Init                              0x08000df8   Section        0  misc.o(i.NVIC_Init)
    i.OLED_Clear                             0x08000e70   Section        0  oled.o(i.OLED_Clear)
    i.OLED_Dispaly_Admin                     0x08000eae   Section        0  oled_display.o(i.OLED_Dispaly_Admin)
    i.OLED_Dispaly_Admin_Choose              0x08000f7e   Section        0  oled_display.o(i.OLED_Dispaly_Admin_Choose)
    i.OLED_Dispaly_Admin_System              0x08000fc6   Section        0  oled_display.o(i.OLED_Dispaly_Admin_System)
    i.OLED_Dispaly_Admin_System_Choose       0x0800108c   Section        0  oled_display.o(i.OLED_Dispaly_Admin_System_Choose)
    i.OLED_Dispaly_System                    0x08001116   Section        0  oled_display.o(i.OLED_Dispaly_System)
    i.OLED_Dispaly_System_Pwdmod             0x08001222   Section        0  oled_display.o(i.OLED_Dispaly_System_Pwdmod)
    i.OLED_Dispaly_System_Pwdmod_Choose      0x08001266   Section        0  oled_display.o(i.OLED_Dispaly_System_Pwdmod_Choose)
    i.OLED_Dispaly_System_Pwdmod_Pwd         0x0800134c   Section        0  oled_display.o(i.OLED_Dispaly_System_Pwdmod_Pwd)
    i.OLED_Dispaly_System_choose             0x0800139c   Section        0  oled_display.o(i.OLED_Dispaly_System_choose)
    i.OLED_Dispaly_Warming                   0x08001426   Section        0  oled_display.o(i.OLED_Dispaly_Warming)
    i.OLED_DrawBMP                           0x0800146a   Section        0  oled.o(i.OLED_DrawBMP)
    i.OLED_Init                              0x080014e0   Section        0  oled.o(i.OLED_Init)
    i.OLED_Set_Pos                           0x08001608   Section        0  oled.o(i.OLED_Set_Pos)
    i.OLED_ShowCHinese                       0x08001630   Section        0  oled.o(i.OLED_ShowCHinese)
    i.OLED_ShowChar                          0x08001698   Section        0  oled.o(i.OLED_ShowChar)
    i.OLED_ShowNum                           0x0800173c   Section        0  oled.o(i.OLED_ShowNum)
    i.OLED_ShowString                        0x080017c4   Section        0  oled.o(i.OLED_ShowString)
    i.OLED_WR_Byte                           0x080017fe   Section        0  oled.o(i.OLED_WR_Byte)
    i.PS_GenChar                             0x08001816   Section        0  as608.o(i.PS_GenChar)
    i.PS_GetImage                            0x0800185c   Section        0  as608.o(i.PS_GetImage)
    i.PS_HighSpeedSearch                     0x08001896   Section        0  as608.o(i.PS_HighSpeedSearch)
    i.PS_StaGPIO_Init                        0x08001928   Section        0  as608.o(i.PS_StaGPIO_Init)
    i.PendSV_Handler                         0x08001958   Section        0  stm32f4xx_it.o(i.PendSV_Handler)
    i.RCC_AHB1PeriphClockCmd                 0x0800195c   Section        0  stm32f4xx_rcc.o(i.RCC_AHB1PeriphClockCmd)
    i.RCC_APB1PeriphClockCmd                 0x0800197c   Section        0  stm32f4xx_rcc.o(i.RCC_APB1PeriphClockCmd)
    i.RCC_APB1PeriphResetCmd                 0x0800199c   Section        0  stm32f4xx_rcc.o(i.RCC_APB1PeriphResetCmd)
    i.RCC_APB2PeriphClockCmd                 0x080019bc   Section        0  stm32f4xx_rcc.o(i.RCC_APB2PeriphClockCmd)
    i.RCC_APB2PeriphResetCmd                 0x080019dc   Section        0  stm32f4xx_rcc.o(i.RCC_APB2PeriphResetCmd)
    i.RCC_GetClocksFreq                      0x080019fc   Section        0  stm32f4xx_rcc.o(i.RCC_GetClocksFreq)
    i.SVC_Handler                            0x08001ae4   Section        0  stm32f4xx_it.o(i.SVC_Handler)
    i.SendAddr                               0x08001ae8   Section        0  as608.o(i.SendAddr)
    SendAddr                                 0x08001ae9   Thumb Code    46  as608.o(i.SendAddr)
    i.SendCheck                              0x08001b1c   Section        0  as608.o(i.SendCheck)
    SendCheck                                0x08001b1d   Thumb Code    18  as608.o(i.SendCheck)
    i.SendFlag                               0x08001b2e   Section        0  as608.o(i.SendFlag)
    SendFlag                                 0x08001b2f   Thumb Code    12  as608.o(i.SendFlag)
    i.SendHead                               0x08001b3a   Section        0  as608.o(i.SendHead)
    SendHead                                 0x08001b3b   Thumb Code    16  as608.o(i.SendHead)
    i.SendLength                             0x08001b4a   Section        0  as608.o(i.SendLength)
    SendLength                               0x08001b4b   Thumb Code    20  as608.o(i.SendLength)
    i.Sendcmd                                0x08001b5e   Section        0  as608.o(i.Sendcmd)
    Sendcmd                                  0x08001b5f   Thumb Code    12  as608.o(i.Sendcmd)
    i.SetSysClock                            0x08001b6c   Section        0  system_stm32f4xx.o(i.SetSysClock)
    SetSysClock                              0x08001b6d   Thumb Code   220  system_stm32f4xx.o(i.SetSysClock)
    i.SysTick_Handler                        0x08001c58   Section        0  stm32f4xx_it.o(i.SysTick_Handler)
    i.SystemInit                             0x08001c5c   Section        0  system_stm32f4xx.o(i.SystemInit)
    i.TIM7_IRQHandler                        0x08001cc4   Section        0  timer.o(i.TIM7_IRQHandler)
    i.TIM7_Int_Init                          0x08001cf8   Section        0  timer.o(i.TIM7_Int_Init)
    i.TIM_ClearITPendingBit                  0x08001d48   Section        0  stm32f4xx_tim.o(i.TIM_ClearITPendingBit)
    i.TIM_Cmd                                0x08001d4e   Section        0  stm32f4xx_tim.o(i.TIM_Cmd)
    i.TIM_GetITStatus                        0x08001d66   Section        0  stm32f4xx_tim.o(i.TIM_GetITStatus)
    i.TIM_ITConfig                           0x08001d88   Section        0  stm32f4xx_tim.o(i.TIM_ITConfig)
    i.TIM_SetCounter                         0x08001d9a   Section        0  stm32f4xx_tim.o(i.TIM_SetCounter)
    i.TIM_TimeBaseInit                       0x08001da0   Section        0  stm32f4xx_tim.o(i.TIM_TimeBaseInit)
    i.USART1_IRQHandler                      0x08001e24   Section        0  usart.o(i.USART1_IRQHandler)
    i.USART1_Init                            0x08001e94   Section        0  usart.o(i.USART1_Init)
    i.USART2_IRQHandler                      0x08001f44   Section        0  as608_usart2.o(i.USART2_IRQHandler)
    i.USART_ClearITPendingBit                0x08001fb4   Section        0  stm32f4xx_usart.o(i.USART_ClearITPendingBit)
    i.USART_Cmd                              0x08001fd2   Section        0  stm32f4xx_usart.o(i.USART_Cmd)
    i.USART_DeInit                           0x08001fec   Section        0  stm32f4xx_usart.o(i.USART_DeInit)
    i.USART_GetFlagStatus                    0x080020dc   Section        0  stm32f4xx_usart.o(i.USART_GetFlagStatus)
    i.USART_GetITStatus                      0x080020f6   Section        0  stm32f4xx_usart.o(i.USART_GetITStatus)
    i.USART_ITConfig                         0x0800214a   Section        0  stm32f4xx_usart.o(i.USART_ITConfig)
    i.USART_Init                             0x08002194   Section        0  stm32f4xx_usart.o(i.USART_Init)
    i.USART_ReceiveData                      0x08002268   Section        0  stm32f4xx_usart.o(i.USART_ReceiveData)
    i.USART_SendData                         0x08002272   Section        0  stm32f4xx_usart.o(i.USART_SendData)
    i.UsageFault_Handler                     0x0800227a   Section        0  stm32f4xx_it.o(i.UsageFault_Handler)
    i.Write_IIC_Byte                         0x08002280   Section        0  oled.o(i.Write_IIC_Byte)
    i.Write_IIC_Command                      0x080022ec   Section        0  oled.o(i.Write_IIC_Command)
    i.Write_IIC_Data                         0x08002318   Section        0  oled.o(i.Write_IIC_Data)
    i._is_digit                              0x08002344   Section        0  __printf_wp.o(i._is_digit)
    i._sys_exit                              0x08002352   Section        0  usart.o(i._sys_exit)
    i.delay_ms                               0x0800235c   Section        0  delay.o(i.delay_ms)
    i.delay_us                               0x080023a8   Section        0  delay.o(i.delay_us)
    i.fputc                                  0x080023f0   Section        0  usart.o(i.fputc)
    i.i2c_sda_mode                           0x08002414   Section        0  oled.o(i.i2c_sda_mode)
    i.main                                   0x0800244c   Section        0  main.o(i.main)
    i.oled_pow                               0x08002c04   Section        0  oled.o(i.oled_pow)
    i.press_FR                               0x08002c1c   Section        0  as608_func.o(i.press_FR)
    i.pwd_change                             0x08002c9c   Section        0  main.o(i.pwd_change)
    i.pwd_comp                               0x08002cbc   Section        0  main.o(i.pwd_comp)
    i.pwd_comp2                              0x08002ce4   Section        0  main.o(i.pwd_comp2)
    i.re_pwd_buf                             0x08002d0c   Section        0  main.o(i.re_pwd_buf)
    i.usart2_init                            0x08002d24   Section        0  as608_usart2.o(i.usart2_init)
    x$fpl$fpinit                             0x08002df8   Section       10  fpinit.o(x$fpl$fpinit)
    $v0                                      0x08002df8   Number         0  fpinit.o(x$fpl$fpinit)
    .constdata                               0x08002e02   Section     2072  oled.o(.constdata)
    .constdata                               0x0800361a   Section       17  __printf_flags_ss_wp.o(.constdata)
    maptable                                 0x0800361a   Data          17  __printf_flags_ss_wp.o(.constdata)
    .data                                    0x20000000   Section    10280  main.o(.data)
    .data                                    0x20002828   Section       20  system_stm32f4xx.o(.data)
    .data                                    0x2000283c   Section       16  stm32f4xx_rcc.o(.data)
    APBAHBPrescTable                         0x2000283c   Data          16  stm32f4xx_rcc.o(.data)
    .data                                    0x2000284c   Section       40  usart.o(.data)
    .data                                    0x20002874   Section    14408  oled.o(.data)
    GPIO_InitStructure                       0x200060b4   Data           8  oled.o(.data)
    .data                                    0x200060bc   Section        2  as608_usart2.o(.data)
    .data                                    0x200060c0   Section        4  as608.o(.data)
    .bss                                     0x200060c8   Section      800  as608_usart2.o(.bss)
    .bss                                     0x200063e8   Section       12  as608_func.o(.bss)
    .bss                                     0x200063f4   Section       96  libspace.o(.bss)
    HEAP                                     0x20006458   Section      512  startup_stm32f40_41xxx.o(HEAP)
    Heap_Mem                                 0x20006458   Data         512  startup_stm32f40_41xxx.o(HEAP)
    STACK                                    0x20006658   Section     1024  startup_stm32f40_41xxx.o(STACK)
    Stack_Mem                                0x20006658   Data        1024  startup_stm32f40_41xxx.o(STACK)
    __initial_sp                             0x20006a58   Data           0  startup_stm32f40_41xxx.o(STACK)

    Global Symbols

    Symbol Name                              Value     Ov Type        Size  Object(Section)

    BuildAttributes$$THM_ISAv4$E$P$D$K$B$S$7EM$VFPi3$EXTD16$VFPS$VFMA$PE$A:L22UL41UL21$X:L11$S22US41US21$IEEE1$IW$USESV6$~STKCKD$USESV7$~SHL$OTIME$ROPI$IEEEJ$EBA8$UX$STANDARDLIB$REQ8$PRES8$EABIv2 0x00000000   Number         0  anon$$obj.o ABSOLUTE
    __ARM_use_no_argv                        0x00000000   Number         0  main.o ABSOLUTE
    _printf_flags                            0x00000000   Number         0  printf_stubs.o ABSOLUTE
    _printf_return_value                     0x00000000   Number         0  printf_stubs.o ABSOLUTE
    _printf_sizespec                         0x00000000   Number         0  printf_stubs.o ABSOLUTE
    _printf_widthprec                        0x00000000   Number         0  printf_stubs.o ABSOLUTE
    __ARM_exceptions_init                     - Undefined Weak Reference
    __alloca_initialize                       - Undefined Weak Reference
    __arm_preinit_                            - Undefined Weak Reference
    __cpp_initialize__aeabi_                  - Undefined Weak Reference
    __cxa_finalize                            - Undefined Weak Reference
    __sigvec_lookup                           - Undefined Weak Reference
    _atexit_init                              - Undefined Weak Reference
    _call_atexit_fns                          - Undefined Weak Reference
    _clock_init                               - Undefined Weak Reference
    _fp_trap_init                             - Undefined Weak Reference
    _fp_trap_shutdown                         - Undefined Weak Reference
    _get_lc_collate                           - Undefined Weak Reference
    _get_lc_monetary                          - Undefined Weak Reference
    _get_lc_time                              - Undefined Weak Reference
    _getenv_init                              - Undefined Weak Reference
    _handle_redirection                       - Undefined Weak Reference
    _init_alloc                               - Undefined Weak Reference
    _init_user_alloc                          - Undefined Weak Reference
    _initio                                   - Undefined Weak Reference
    _mutex_acquire                            - Undefined Weak Reference
    _mutex_release                            - Undefined Weak Reference
    _printf_fp_hex                            - Undefined Weak Reference
    _printf_mbtowc                            - Undefined Weak Reference
    _printf_wc                                - Undefined Weak Reference
    _rand_init                                - Undefined Weak Reference
    _signal_finish                            - Undefined Weak Reference
    _signal_init                              - Undefined Weak Reference
    _terminate_alloc                          - Undefined Weak Reference
    _terminate_user_alloc                     - Undefined Weak Reference
    _terminateio                              - Undefined Weak Reference
    __Vectors_Size                           0x00000188   Number         0  startup_stm32f40_41xxx.o ABSOLUTE
    __Vectors                                0x08000000   Data           4  startup_stm32f40_41xxx.o(RESET)
    __Vectors_End                            0x08000188   Data           0  startup_stm32f40_41xxx.o(RESET)
    __main                                   0x08000189   Thumb Code     8  __main.o(!!!main)
    __scatterload                            0x08000191   Thumb Code     0  __scatter.o(!!!scatter)
    __scatterload_rt2                        0x08000191   Thumb Code    44  __scatter.o(!!!scatter)
    __scatterload_rt2_thumb_only             0x08000191   Thumb Code     0  __scatter.o(!!!scatter)
    __scatterload_null                       0x0800019f   Thumb Code     0  __scatter.o(!!!scatter)
    __decompress                             0x080001c5   Thumb Code   100  __dclz77c.o(!!dclz77c)
    __decompress2                            0x080001c5   Thumb Code     0  __dclz77c.o(!!dclz77c)
    __scatterload_zeroinit                   0x08000229   Thumb Code    28  __scatter_zi.o(!!handler_zi)
    _printf_d                                0x08000245   Thumb Code     0  _printf_d.o(.ARM.Collect$$_printf_percent$$00000009)
    _printf_percent                          0x08000245   Thumb Code     0  _printf_percent.o(.ARM.Collect$$_printf_percent$$00000000)
    _printf_percent_end                      0x0800024b   Thumb Code     0  _printf_percent_end.o(.ARM.Collect$$_printf_percent$$00000017)
    __rt_lib_init                            0x0800024f   Thumb Code     0  libinit.o(.ARM.Collect$$libinit$$00000000)
    __rt_lib_init_fp_1                       0x08000251   Thumb Code     0  libinit2.o(.ARM.Collect$$libinit$$00000001)
    __rt_lib_init_alloca_1                   0x08000255   Thumb Code     0  libinit2.o(.ARM.Collect$$libinit$$0000002E)
    __rt_lib_init_argv_1                     0x08000255   Thumb Code     0  libinit2.o(.ARM.Collect$$libinit$$0000002C)
    __rt_lib_init_atexit_1                   0x08000255   Thumb Code     0  libinit2.o(.ARM.Collect$$libinit$$0000001B)
    __rt_lib_init_clock_1                    0x08000255   Thumb Code     0  libinit2.o(.ARM.Collect$$libinit$$00000021)
    __rt_lib_init_cpp_1                      0x08000255   Thumb Code     0  libinit2.o(.ARM.Collect$$libinit$$00000032)
    __rt_lib_init_exceptions_1               0x08000255   Thumb Code     0  libinit2.o(.ARM.Collect$$libinit$$00000030)
    __rt_lib_init_fp_trap_1                  0x08000255   Thumb Code     0  libinit2.o(.ARM.Collect$$libinit$$0000001F)
    __rt_lib_init_getenv_1                   0x08000255   Thumb Code     0  libinit2.o(.ARM.Collect$$libinit$$00000023)
    __rt_lib_init_heap_1                     0x08000255   Thumb Code     0  libinit2.o(.ARM.Collect$$libinit$$0000000A)
    __rt_lib_init_lc_collate_1               0x08000255   Thumb Code     0  libinit2.o(.ARM.Collect$$libinit$$00000011)
    __rt_lib_init_lc_ctype_1                 0x08000255   Thumb Code     0  libinit2.o(.ARM.Collect$$libinit$$00000013)
    __rt_lib_init_lc_monetary_1              0x08000255   Thumb Code     0  libinit2.o(.ARM.Collect$$libinit$$00000015)
    __rt_lib_init_lc_numeric_1               0x08000255   Thumb Code     0  libinit2.o(.ARM.Collect$$libinit$$00000017)
    __rt_lib_init_lc_time_1                  0x08000255   Thumb Code     0  libinit2.o(.ARM.Collect$$libinit$$00000019)
    __rt_lib_init_preinit_1                  0x08000255   Thumb Code     0  libinit2.o(.ARM.Collect$$libinit$$00000004)
    __rt_lib_init_rand_1                     0x08000255   Thumb Code     0  libinit2.o(.ARM.Collect$$libinit$$0000000E)
    __rt_lib_init_return                     0x08000255   Thumb Code     0  libinit2.o(.ARM.Collect$$libinit$$00000033)
    __rt_lib_init_signal_1                   0x08000255   Thumb Code     0  libinit2.o(.ARM.Collect$$libinit$$0000001D)
    __rt_lib_init_stdio_1                    0x08000255   Thumb Code     0  libinit2.o(.ARM.Collect$$libinit$$00000025)
    __rt_lib_init_user_alloc_1               0x08000255   Thumb Code     0  libinit2.o(.ARM.Collect$$libinit$$0000000C)
    __rt_lib_shutdown                        0x08000257   Thumb Code     0  libshutdown.o(.ARM.Collect$$libshutdown$$00000000)
    __rt_lib_shutdown_fp_trap_1              0x08000259   Thumb Code     0  libshutdown2.o(.ARM.Collect$$libshutdown$$00000006)
    __rt_lib_shutdown_heap_1                 0x08000259   Thumb Code     0  libshutdown2.o(.ARM.Collect$$libshutdown$$0000000E)
    __rt_lib_shutdown_return                 0x08000259   Thumb Code     0  libshutdown2.o(.ARM.Collect$$libshutdown$$0000000F)
    __rt_lib_shutdown_signal_1               0x08000259   Thumb Code     0  libshutdown2.o(.ARM.Collect$$libshutdown$$00000009)
    __rt_lib_shutdown_stdio_1                0x08000259   Thumb Code     0  libshutdown2.o(.ARM.Collect$$libshutdown$$00000003)
    __rt_lib_shutdown_user_alloc_1           0x08000259   Thumb Code     0  libshutdown2.o(.ARM.Collect$$libshutdown$$0000000B)
    __rt_entry                               0x0800025b   Thumb Code     0  __rtentry.o(.ARM.Collect$$rtentry$$00000000)
    __rt_entry_presh_1                       0x0800025b   Thumb Code     0  __rtentry2.o(.ARM.Collect$$rtentry$$00000002)
    __rt_entry_sh                            0x0800025b   Thumb Code     0  __rtentry4.o(.ARM.Collect$$rtentry$$00000004)
    __rt_entry_li                            0x08000261   Thumb Code     0  __rtentry2.o(.ARM.Collect$$rtentry$$0000000A)
    __rt_entry_postsh_1                      0x08000261   Thumb Code     0  __rtentry2.o(.ARM.Collect$$rtentry$$00000009)
    __rt_entry_main                          0x08000265   Thumb Code     0  __rtentry2.o(.ARM.Collect$$rtentry$$0000000D)
    __rt_entry_postli_1                      0x08000265   Thumb Code     0  __rtentry2.o(.ARM.Collect$$rtentry$$0000000C)
    __rt_exit                                0x0800026d   Thumb Code     0  rtexit.o(.ARM.Collect$$rtexit$$00000000)
    __rt_exit_ls                             0x0800026f   Thumb Code     0  rtexit2.o(.ARM.Collect$$rtexit$$00000003)
    __rt_exit_prels_1                        0x0800026f   Thumb Code     0  rtexit2.o(.ARM.Collect$$rtexit$$00000002)
    __rt_exit_exit                           0x08000273   Thumb Code     0  rtexit2.o(.ARM.Collect$$rtexit$$00000004)
    Reset_Handler                            0x08000279   Thumb Code     8  startup_stm32f40_41xxx.o(.text)
    ADC_IRQHandler                           0x08000293   Thumb Code     0  startup_stm32f40_41xxx.o(.text)
    CAN1_RX0_IRQHandler                      0x08000293   Thumb Code     0  startup_stm32f40_41xxx.o(.text)
    CAN1_RX1_IRQHandler                      0x08000293   Thumb Code     0  startup_stm32f40_41xxx.o(.text)
    CAN1_SCE_IRQHandler                      0x08000293   Thumb Code     0  startup_stm32f40_41xxx.o(.text)
    CAN1_TX_IRQHandler                       0x08000293   Thumb Code     0  startup_stm32f40_41xxx.o(.text)
    CAN2_RX0_IRQHandler                      0x08000293   Thumb Code     0  startup_stm32f40_41xxx.o(.text)
    CAN2_RX1_IRQHandler                      0x08000293   Thumb Code     0  startup_stm32f40_41xxx.o(.text)
    CAN2_SCE_IRQHandler                      0x08000293   Thumb Code     0  startup_stm32f40_41xxx.o(.text)
    CAN2_TX_IRQHandler                       0x08000293   Thumb Code     0  startup_stm32f40_41xxx.o(.text)
    CRYP_IRQHandler                          0x08000293   Thumb Code     0  startup_stm32f40_41xxx.o(.text)
    DCMI_IRQHandler                          0x08000293   Thumb Code     0  startup_stm32f40_41xxx.o(.text)
    DMA1_Stream0_IRQHandler                  0x08000293   Thumb Code     0  startup_stm32f40_41xxx.o(.text)
    DMA1_Stream1_IRQHandler                  0x08000293   Thumb Code     0  startup_stm32f40_41xxx.o(.text)
    DMA1_Stream2_IRQHandler                  0x08000293   Thumb Code     0  startup_stm32f40_41xxx.o(.text)
    DMA1_Stream3_IRQHandler                  0x08000293   Thumb Code     0  startup_stm32f40_41xxx.o(.text)
    DMA1_Stream4_IRQHandler                  0x08000293   Thumb Code     0  startup_stm32f40_41xxx.o(.text)
    DMA1_Stream5_IRQHandler                  0x08000293   Thumb Code     0  startup_stm32f40_41xxx.o(.text)
    DMA1_Stream6_IRQHandler                  0x08000293   Thumb Code     0  startup_stm32f40_41xxx.o(.text)
    DMA1_Stream7_IRQHandler                  0x08000293   Thumb Code     0  startup_stm32f40_41xxx.o(.text)
    DMA2_Stream0_IRQHandler                  0x08000293   Thumb Code     0  startup_stm32f40_41xxx.o(.text)
    DMA2_Stream1_IRQHandler                  0x08000293   Thumb Code     0  startup_stm32f40_41xxx.o(.text)
    DMA2_Stream2_IRQHandler                  0x08000293   Thumb Code     0  startup_stm32f40_41xxx.o(.text)
    DMA2_Stream3_IRQHandler                  0x08000293   Thumb Code     0  startup_stm32f40_41xxx.o(.text)
    DMA2_Stream4_IRQHandler                  0x08000293   Thumb Code     0  startup_stm32f40_41xxx.o(.text)
    DMA2_Stream5_IRQHandler                  0x08000293   Thumb Code     0  startup_stm32f40_41xxx.o(.text)
    DMA2_Stream6_IRQHandler                  0x08000293   Thumb Code     0  startup_stm32f40_41xxx.o(.text)
    DMA2_Stream7_IRQHandler                  0x08000293   Thumb Code     0  startup_stm32f40_41xxx.o(.text)
    ETH_IRQHandler                           0x08000293   Thumb Code     0  startup_stm32f40_41xxx.o(.text)
    ETH_WKUP_IRQHandler                      0x08000293   Thumb Code     0  startup_stm32f40_41xxx.o(.text)
    EXTI0_IRQHandler                         0x08000293   Thumb Code     0  startup_stm32f40_41xxx.o(.text)
    EXTI15_10_IRQHandler                     0x08000293   Thumb Code     0  startup_stm32f40_41xxx.o(.text)
    EXTI1_IRQHandler                         0x08000293   Thumb Code     0  startup_stm32f40_41xxx.o(.text)
    EXTI2_IRQHandler                         0x08000293   Thumb Code     0  startup_stm32f40_41xxx.o(.text)
    EXTI3_IRQHandler                         0x08000293   Thumb Code     0  startup_stm32f40_41xxx.o(.text)
    EXTI4_IRQHandler                         0x08000293   Thumb Code     0  startup_stm32f40_41xxx.o(.text)
    EXTI9_5_IRQHandler                       0x08000293   Thumb Code     0  startup_stm32f40_41xxx.o(.text)
    FLASH_IRQHandler                         0x08000293   Thumb Code     0  startup_stm32f40_41xxx.o(.text)
    FPU_IRQHandler                           0x08000293   Thumb Code     0  startup_stm32f40_41xxx.o(.text)
    FSMC_IRQHandler                          0x08000293   Thumb Code     0  startup_stm32f40_41xxx.o(.text)
    HASH_RNG_IRQHandler                      0x08000293   Thumb Code     0  startup_stm32f40_41xxx.o(.text)
    I2C1_ER_IRQHandler                       0x08000293   Thumb Code     0  startup_stm32f40_41xxx.o(.text)
    I2C1_EV_IRQHandler                       0x08000293   Thumb Code     0  startup_stm32f40_41xxx.o(.text)
    I2C2_ER_IRQHandler                       0x08000293   Thumb Code     0  startup_stm32f40_41xxx.o(.text)
    I2C2_EV_IRQHandler                       0x08000293   Thumb Code     0  startup_stm32f40_41xxx.o(.text)
    I2C3_ER_IRQHandler                       0x08000293   Thumb Code     0  startup_stm32f40_41xxx.o(.text)
    I2C3_EV_IRQHandler                       0x08000293   Thumb Code     0  startup_stm32f40_41xxx.o(.text)
    OTG_FS_IRQHandler                        0x08000293   Thumb Code     0  startup_stm32f40_41xxx.o(.text)
    OTG_FS_WKUP_IRQHandler                   0x08000293   Thumb Code     0  startup_stm32f40_41xxx.o(.text)
    OTG_HS_EP1_IN_IRQHandler                 0x08000293   Thumb Code     0  startup_stm32f40_41xxx.o(.text)
    OTG_HS_EP1_OUT_IRQHandler                0x08000293   Thumb Code     0  startup_stm32f40_41xxx.o(.text)
    OTG_HS_IRQHandler                        0x08000293   Thumb Code     0  startup_stm32f40_41xxx.o(.text)
    OTG_HS_WKUP_IRQHandler                   0x08000293   Thumb Code     0  startup_stm32f40_41xxx.o(.text)
    PVD_IRQHandler                           0x08000293   Thumb Code     0  startup_stm32f40_41xxx.o(.text)
    RCC_IRQHandler                           0x08000293   Thumb Code     0  startup_stm32f40_41xxx.o(.text)
    RTC_Alarm_IRQHandler                     0x08000293   Thumb Code     0  startup_stm32f40_41xxx.o(.text)
    RTC_WKUP_IRQHandler                      0x08000293   Thumb Code     0  startup_stm32f40_41xxx.o(.text)
    SDIO_IRQHandler                          0x08000293   Thumb Code     0  startup_stm32f40_41xxx.o(.text)
    SPI1_IRQHandler                          0x08000293   Thumb Code     0  startup_stm32f40_41xxx.o(.text)
    SPI2_IRQHandler                          0x08000293   Thumb Code     0  startup_stm32f40_41xxx.o(.text)
    SPI3_IRQHandler                          0x08000293   Thumb Code     0  startup_stm32f40_41xxx.o(.text)
    TAMP_STAMP_IRQHandler                    0x08000293   Thumb Code     0  startup_stm32f40_41xxx.o(.text)
    TIM1_BRK_TIM9_IRQHandler                 0x08000293   Thumb Code     0  startup_stm32f40_41xxx.o(.text)
    TIM1_CC_IRQHandler                       0x08000293   Thumb Code     0  startup_stm32f40_41xxx.o(.text)
    TIM1_TRG_COM_TIM11_IRQHandler            0x08000293   Thumb Code     0  startup_stm32f40_41xxx.o(.text)
    TIM1_UP_TIM10_IRQHandler                 0x08000293   Thumb Code     0  startup_stm32f40_41xxx.o(.text)
    TIM2_IRQHandler                          0x08000293   Thumb Code     0  startup_stm32f40_41xxx.o(.text)
    TIM3_IRQHandler                          0x08000293   Thumb Code     0  startup_stm32f40_41xxx.o(.text)
    TIM4_IRQHandler                          0x08000293   Thumb Code     0  startup_stm32f40_41xxx.o(.text)
    TIM5_IRQHandler                          0x08000293   Thumb Code     0  startup_stm32f40_41xxx.o(.text)
    TIM6_DAC_IRQHandler                      0x08000293   Thumb Code     0  startup_stm32f40_41xxx.o(.text)
    TIM8_BRK_TIM12_IRQHandler                0x08000293   Thumb Code     0  startup_stm32f40_41xxx.o(.text)
    TIM8_CC_IRQHandler                       0x08000293   Thumb Code     0  startup_stm32f40_41xxx.o(.text)
    TIM8_TRG_COM_TIM14_IRQHandler            0x08000293   Thumb Code     0  startup_stm32f40_41xxx.o(.text)
    TIM8_UP_TIM13_IRQHandler                 0x08000293   Thumb Code     0  startup_stm32f40_41xxx.o(.text)
    UART4_IRQHandler                         0x08000293   Thumb Code     0  startup_stm32f40_41xxx.o(.text)
    UART5_IRQHandler                         0x08000293   Thumb Code     0  startup_stm32f40_41xxx.o(.text)
    USART3_IRQHandler                        0x08000293   Thumb Code     0  startup_stm32f40_41xxx.o(.text)
    USART6_IRQHandler                        0x08000293   Thumb Code     0  startup_stm32f40_41xxx.o(.text)
    WWDG_IRQHandler                          0x08000293   Thumb Code     0  startup_stm32f40_41xxx.o(.text)
    __user_initial_stackheap                 0x08000295   Thumb Code     0  startup_stm32f40_41xxx.o(.text)
    __use_no_semihosting                     0x080002b9   Thumb Code     2  use_no_semi_2.o(.text)
    __2printf                                0x080002bd   Thumb Code    20  __2printf.o(.text)
    _printf_int_dec                          0x080002d5   Thumb Code   104  _printf_dec.o(.text)
    __printf                                 0x0800034d   Thumb Code   388  __printf_flags_ss_wp.o(.text)
    strstr                                   0x080004d5   Thumb Code    36  strstr.o(.text)
    __use_two_region_memory                  0x080004f9   Thumb Code     2  heapauxi.o(.text)
    __rt_heap_escrow$2region                 0x080004fb   Thumb Code     2  heapauxi.o(.text)
    __rt_heap_expand$2region                 0x080004fd   Thumb Code     2  heapauxi.o(.text)
    __I$use$semihosting                      0x080004ff   Thumb Code     0  use_no_semi.o(.text)
    __use_no_semihosting_swi                 0x080004ff   Thumb Code     2  use_no_semi.o(.text)
    _printf_int_common                       0x08000501   Thumb Code   178  _printf_intcommon.o(.text)
    _printf_char_common                      0x080005bf   Thumb Code    32  _printf_char_common.o(.text)
    _printf_char_file                        0x080005e5   Thumb Code    32  _printf_char_file.o(.text)
    __user_libspace                          0x08000609   Thumb Code     8  libspace.o(.text)
    __user_perproc_libspace                  0x08000609   Thumb Code     0  libspace.o(.text)
    __user_perthread_libspace                0x08000609   Thumb Code     0  libspace.o(.text)
    ferror                                   0x08000611   Thumb Code     8  ferror.o(.text)
    __user_setup_stackheap                   0x08000619   Thumb Code    74  sys_stackheap_outer.o(.text)
    exit                                     0x08000663   Thumb Code    12  exit.o(.text)
    BEEP_Close                               0x08000671   Thumb Code    14  beep.o(i.BEEP_Close)
    BEEP_Init                                0x08000685   Thumb Code    58  beep.o(i.BEEP_Init)
    BusFault_Handler                         0x080006c5   Thumb Code     4  stm32f4xx_it.o(i.BusFault_Handler)
    DHT11_Convert_Mode                       0x080006c9   Thumb Code    56  dht11.o(i.DHT11_Convert_Mode)
    DHT11_Get_Data                           0x08000705   Thumb Code   280  dht11.o(i.DHT11_Get_Data)
    DHT11_Init                               0x08000821   Thumb Code    58  dht11.o(i.DHT11_Init)
    DTH11_Get_Print                          0x08000861   Thumb Code   250  dht11.o(i.DTH11_Get_Print)
    DebugMon_Handler                         0x0800097d   Thumb Code     2  stm32f4xx_it.o(i.DebugMon_Handler)
    GPIO_Init                                0x0800097f   Thumb Code   144  stm32f4xx_gpio.o(i.GPIO_Init)
    GPIO_PinAFConfig                         0x08000a0f   Thumb Code    70  stm32f4xx_gpio.o(i.GPIO_PinAFConfig)
    GPIO_ReadInputDataBit                    0x08000a55   Thumb Code    18  stm32f4xx_gpio.o(i.GPIO_ReadInputDataBit)
    GPIO_ResetBits                           0x08000a67   Thumb Code     4  stm32f4xx_gpio.o(i.GPIO_ResetBits)
    GPIO_SetBits                             0x08000a6b   Thumb Code     4  stm32f4xx_gpio.o(i.GPIO_SetBits)
    HC_SR04_Init                             0x08000a71   Thumb Code    98  hc_sr04.o(i.HC_SR04_Init)
    HardFault_Handler                        0x08000add   Thumb Code     4  stm32f4xx_it.o(i.HardFault_Handler)
    IIC_Start                                0x08000ae1   Thumb Code    54  oled.o(i.IIC_Start)
    IIC_Stop                                 0x08000b21   Thumb Code    56  oled.o(i.IIC_Stop)
    IIC_Wait_Ack                             0x08000b61   Thumb Code    50  oled.o(i.IIC_Wait_Ack)
    KEY_Check                                0x08000c25   Thumb Code   102  key.o(i.KEY_Check)
    KEY_Init                                 0x08000c95   Thumb Code    52  key.o(i.KEY_Init)
    LED_Close                                0x08000cd1   Thumb Code    74  led.o(i.LED_Close)
    LED_Init                                 0x08000d25   Thumb Code    82  led.o(i.LED_Init)
    LED_Open                                 0x08000d81   Thumb Code    74  led.o(i.LED_Open)
    MemManage_Handler                        0x08000df1   Thumb Code     4  stm32f4xx_it.o(i.MemManage_Handler)
    NMI_Handler                              0x08000df5   Thumb Code     2  stm32f4xx_it.o(i.NMI_Handler)
    NVIC_Init                                0x08000df9   Thumb Code   106  misc.o(i.NVIC_Init)
    OLED_Clear                               0x08000e71   Thumb Code    62  oled.o(i.OLED_Clear)
    OLED_Dispaly_Admin                       0x08000eaf   Thumb Code   208  oled_display.o(i.OLED_Dispaly_Admin)
    OLED_Dispaly_Admin_Choose                0x08000f7f   Thumb Code    72  oled_display.o(i.OLED_Dispaly_Admin_Choose)
    OLED_Dispaly_Admin_System                0x08000fc7   Thumb Code   198  oled_display.o(i.OLED_Dispaly_Admin_System)
    OLED_Dispaly_Admin_System_Choose         0x0800108d   Thumb Code   138  oled_display.o(i.OLED_Dispaly_Admin_System_Choose)
    OLED_Dispaly_System                      0x08001117   Thumb Code   268  oled_display.o(i.OLED_Dispaly_System)
    OLED_Dispaly_System_Pwdmod               0x08001223   Thumb Code    68  oled_display.o(i.OLED_Dispaly_System_Pwdmod)
    OLED_Dispaly_System_Pwdmod_Choose        0x08001267   Thumb Code   228  oled_display.o(i.OLED_Dispaly_System_Pwdmod_Choose)
    OLED_Dispaly_System_Pwdmod_Pwd           0x0800134d   Thumb Code    74  oled_display.o(i.OLED_Dispaly_System_Pwdmod_Pwd)
    OLED_Dispaly_System_choose               0x0800139d   Thumb Code   138  oled_display.o(i.OLED_Dispaly_System_choose)
    OLED_Dispaly_Warming                     0x08001427   Thumb Code    68  oled_display.o(i.OLED_Dispaly_Warming)
    OLED_DrawBMP                             0x0800146b   Thumb Code   118  oled.o(i.OLED_DrawBMP)
    OLED_Init                                0x080014e1   Thumb Code   284  oled.o(i.OLED_Init)
    OLED_Set_Pos                             0x08001609   Thumb Code    40  oled.o(i.OLED_Set_Pos)
    OLED_ShowCHinese                         0x08001631   Thumb Code    98  oled.o(i.OLED_ShowCHinese)
    OLED_ShowChar                            0x08001699   Thumb Code   154  oled.o(i.OLED_ShowChar)
    OLED_ShowNum                             0x0800173d   Thumb Code   136  oled.o(i.OLED_ShowNum)
    OLED_ShowString                          0x080017c5   Thumb Code    58  oled.o(i.OLED_ShowString)
    OLED_WR_Byte                             0x080017ff   Thumb Code    24  oled.o(i.OLED_WR_Byte)
    PS_GenChar                               0x08001817   Thumb Code    70  as608.o(i.PS_GenChar)
    PS_GetImage                              0x0800185d   Thumb Code    58  as608.o(i.PS_GetImage)
    PS_HighSpeedSearch                       0x08001897   Thumb Code   144  as608.o(i.PS_HighSpeedSearch)
    PS_StaGPIO_Init                          0x08001929   Thumb Code    42  as608.o(i.PS_StaGPIO_Init)
    PendSV_Handler                           0x08001959   Thumb Code     2  stm32f4xx_it.o(i.PendSV_Handler)
    RCC_AHB1PeriphClockCmd                   0x0800195d   Thumb Code    26  stm32f4xx_rcc.o(i.RCC_AHB1PeriphClockCmd)
    RCC_APB1PeriphClockCmd                   0x0800197d   Thumb Code    26  stm32f4xx_rcc.o(i.RCC_APB1PeriphClockCmd)
    RCC_APB1PeriphResetCmd                   0x0800199d   Thumb Code    26  stm32f4xx_rcc.o(i.RCC_APB1PeriphResetCmd)
    RCC_APB2PeriphClockCmd                   0x080019bd   Thumb Code    26  stm32f4xx_rcc.o(i.RCC_APB2PeriphClockCmd)
    RCC_APB2PeriphResetCmd                   0x080019dd   Thumb Code    26  stm32f4xx_rcc.o(i.RCC_APB2PeriphResetCmd)
    RCC_GetClocksFreq                        0x080019fd   Thumb Code   214  stm32f4xx_rcc.o(i.RCC_GetClocksFreq)
    SVC_Handler                              0x08001ae5   Thumb Code     2  stm32f4xx_it.o(i.SVC_Handler)
    SysTick_Handler                          0x08001c59   Thumb Code     2  stm32f4xx_it.o(i.SysTick_Handler)
    SystemInit                               0x08001c5d   Thumb Code    88  system_stm32f4xx.o(i.SystemInit)
    TIM7_IRQHandler                          0x08001cc5   Thumb Code    42  timer.o(i.TIM7_IRQHandler)
    TIM7_Int_Init                            0x08001cf9   Thumb Code    76  timer.o(i.TIM7_Int_Init)
    TIM_ClearITPendingBit                    0x08001d49   Thumb Code     6  stm32f4xx_tim.o(i.TIM_ClearITPendingBit)
    TIM_Cmd                                  0x08001d4f   Thumb Code    24  stm32f4xx_tim.o(i.TIM_Cmd)
    TIM_GetITStatus                          0x08001d67   Thumb Code    34  stm32f4xx_tim.o(i.TIM_GetITStatus)
    TIM_ITConfig                             0x08001d89   Thumb Code    18  stm32f4xx_tim.o(i.TIM_ITConfig)
    TIM_SetCounter                           0x08001d9b   Thumb Code     4  stm32f4xx_tim.o(i.TIM_SetCounter)
    TIM_TimeBaseInit                         0x08001da1   Thumb Code   104  stm32f4xx_tim.o(i.TIM_TimeBaseInit)
    USART1_IRQHandler                        0x08001e25   Thumb Code    78  usart.o(i.USART1_IRQHandler)
    USART1_Init                              0x08001e95   Thumb Code   166  usart.o(i.USART1_Init)
    USART2_IRQHandler                        0x08001f45   Thumb Code    96  as608_usart2.o(i.USART2_IRQHandler)
    USART_ClearITPendingBit                  0x08001fb5   Thumb Code    30  stm32f4xx_usart.o(i.USART_ClearITPendingBit)
    USART_Cmd                                0x08001fd3   Thumb Code    24  stm32f4xx_usart.o(i.USART_Cmd)
    USART_DeInit                             0x08001fed   Thumb Code   206  stm32f4xx_usart.o(i.USART_DeInit)
    USART_GetFlagStatus                      0x080020dd   Thumb Code    26  stm32f4xx_usart.o(i.USART_GetFlagStatus)
    USART_GetITStatus                        0x080020f7   Thumb Code    84  stm32f4xx_usart.o(i.USART_GetITStatus)
    USART_ITConfig                           0x0800214b   Thumb Code    74  stm32f4xx_usart.o(i.USART_ITConfig)
    USART_Init                               0x08002195   Thumb Code   204  stm32f4xx_usart.o(i.USART_Init)
    USART_ReceiveData                        0x08002269   Thumb Code    10  stm32f4xx_usart.o(i.USART_ReceiveData)
    USART_SendData                           0x08002273   Thumb Code     8  stm32f4xx_usart.o(i.USART_SendData)
    UsageFault_Handler                       0x0800227b   Thumb Code     4  stm32f4xx_it.o(i.UsageFault_Handler)
    Write_IIC_Byte                           0x08002281   Thumb Code    98  oled.o(i.Write_IIC_Byte)
    Write_IIC_Command                        0x080022ed   Thumb Code    44  oled.o(i.Write_IIC_Command)
    Write_IIC_Data                           0x08002319   Thumb Code    44  oled.o(i.Write_IIC_Data)
    _is_digit                                0x08002345   Thumb Code    14  __printf_wp.o(i._is_digit)
    _sys_exit                                0x08002353   Thumb Code     8  usart.o(i._sys_exit)
    delay_ms                                 0x0800235d   Thumb Code    72  delay.o(i.delay_ms)
    delay_us                                 0x080023a9   Thumb Code    62  delay.o(i.delay_us)
    fputc                                    0x080023f1   Thumb Code    32  usart.o(i.fputc)
    i2c_sda_mode                             0x08002415   Thumb Code    48  oled.o(i.i2c_sda_mode)
    main                                     0x0800244d   Thumb Code  1942  main.o(i.main)
    oled_pow                                 0x08002c05   Thumb Code    22  oled.o(i.oled_pow)
    press_FR                                 0x08002c1d   Thumb Code    76  as608_func.o(i.press_FR)
    pwd_change                               0x08002c9d   Thumb Code    22  main.o(i.pwd_change)
    pwd_comp                                 0x08002cbd   Thumb Code    32  main.o(i.pwd_comp)
    pwd_comp2                                0x08002ce5   Thumb Code    32  main.o(i.pwd_comp2)
    re_pwd_buf                               0x08002d0d   Thumb Code    20  main.o(i.re_pwd_buf)
    usart2_init                              0x08002d25   Thumb Code   196  as608_usart2.o(i.usart2_init)
    _fp_init                                 0x08002df9   Thumb Code    10  fpinit.o(x$fpl$fpinit)
    __fplib_config_fpu_vfp                   0x08002e01   Thumb Code     0  fpinit.o(x$fpl$fpinit)
    __fplib_config_pureend_doubles           0x08002e01   Thumb Code     0  fpinit.o(x$fpl$fpinit)
    F6x8                                     0x08002e02   Data         552  oled.o(.constdata)
    F8X16                                    0x0800302a   Data        1520  oled.o(.constdata)
    Region$$Table$$Base                      0x0800362c   Number         0  anon$$obj.o(Region$$Table)
    Region$$Table$$Limit                     0x0800364c   Number         0  anon$$obj.o(Region$$Table)
    BMP1                                     0x20000000   Data        1024  main.o(.data)
    BMP2                                     0x20000400   Data        1024  main.o(.data)
    BMP3                                     0x20000800   Data        1024  main.o(.data)
    BMP4                                     0x20000c00   Data        1024  main.o(.data)
    BMP5                                     0x20001000   Data        1024  main.o(.data)
    BMP6                                     0x20001400   Data        1024  main.o(.data)
    BMP7                                     0x20001800   Data        1024  main.o(.data)
    BMP8                                     0x20001c00   Data        1024  main.o(.data)
    BMP9                                     0x20002000   Data        1024  main.o(.data)
    BMP10                                    0x20002400   Data        1024  main.o(.data)
    door_password                            0x20002800   Data           4  main.o(.data)
    admin_password                           0x20002804   Data           4  main.o(.data)
    password_buf                             0x20002808   Data           4  main.o(.data)
    pwd_flag                                 0x2000280c   Data           4  main.o(.data)
    fr_flag                                  0x20002810   Data           4  main.o(.data)
    warming_flag                             0x20002814   Data           4  main.o(.data)
    admin_system_flag                        0x20002818   Data           4  main.o(.data)
    time                                     0x2000281c   Data           4  main.o(.data)
    speed_falg                               0x20002820   Data           4  main.o(.data)
    led_speed_num                            0x20002824   Data           4  main.o(.data)
    SystemCoreClock                          0x20002828   Data           4  system_stm32f4xx.o(.data)
    AHBPrescTable                            0x2000282c   Data          16  system_stm32f4xx.o(.data)
    usart1_r_data_buf_count                  0x2000284c   Data           4  usart.o(.data)
    usart1_fi                                0x20002850   Data           4  usart.o(.data)
    usart1_fflag                             0x20002854   Data           4  usart.o(.data)
    usart1_led_len                           0x20002858   Data           4  usart.o(.data)
    count                                    0x2000285c   Data           4  usart.o(.data)
    usart1_i                                 0x20002860   Data           4  usart.o(.data)
    usart1_flag                              0x20002864   Data           4  usart.o(.data)
    usart1_delay_val                         0x20002868   Data           4  usart.o(.data)
    usart1_ps_flag                           0x2000286c   Data           4  usart.o(.data)
    __stdout                                 0x20002870   Data           4  usart.o(.data)
    Hzk                                      0x20002874   Data       14400  oled.o(.data)
    USART2_RX_STA                            0x200060bc   Data           2  as608_usart2.o(.data)
    AS608Addr                                0x200060c0   Data           4  as608.o(.data)
    USART2_TX_BUF                            0x200060c8   Data         400  as608_usart2.o(.bss)
    USART2_RX_BUF                            0x20006258   Data         400  as608_usart2.o(.bss)
    AS608Para                                0x200063e8   Data          12  as608_func.o(.bss)
    __libspace_start                         0x200063f4   Data          96  libspace.o(.bss)
    __temporary_stack_top$libspace           0x20006454   Data           0  libspace.o(.bss)



==============================================================================

Memory Map of the image

  Image Entry point : 0x08000189

  Load Region LR_IROM1 (Base: 0x08000000, Size: 0x00009710, Max: 0x00080000, ABSOLUTE, COMPRESSED[0x00005378])

    Execution Region ER_IROM1 (Base: 0x08000000, Size: 0x0000364c, Max: 0x00080000, ABSOLUTE)

    Base Addr    Size         Type   Attr      Idx    E Section Name        Object

    0x08000000   0x00000188   Data   RO          324    RESET               startup_stm32f40_41xxx.o
    0x08000188   0x00000008   Code   RO         2626  * !!!main             c_w.l(__main.o)
    0x08000190   0x00000034   Code   RO         2917    !!!scatter          c_w.l(__scatter.o)
    0x080001c4   0x00000064   Code   RO         2915    !!dclz77c           c_w.l(__dclz77c.o)
    0x08000228   0x0000001c   Code   RO         2919    !!handler_zi        c_w.l(__scatter_zi.o)
    0x08000244   0x00000000   Code   RO         2609    .ARM.Collect$$_printf_percent$$00000000  c_w.l(_printf_percent.o)
    0x08000244   0x00000006   Code   RO         2608    .ARM.Collect$$_printf_percent$$00000009  c_w.l(_printf_d.o)
    0x0800024a   0x00000004   Code   RO         2679    .ARM.Collect$$_printf_percent$$00000017  c_w.l(_printf_percent_end.o)
    0x0800024e   0x00000002   Code   RO         2787    .ARM.Collect$$libinit$$00000000  c_w.l(libinit.o)
    0x08000250   0x00000004   Code   RO         2796    .ARM.Collect$$libinit$$00000001  c_w.l(libinit2.o)
    0x08000254   0x00000000   Code   RO         2799    .ARM.Collect$$libinit$$00000004  c_w.l(libinit2.o)
    0x08000254   0x00000000   Code   RO         2802    .ARM.Collect$$libinit$$0000000A  c_w.l(libinit2.o)
    0x08000254   0x00000000   Code   RO         2804    .ARM.Collect$$libinit$$0000000C  c_w.l(libinit2.o)
    0x08000254   0x00000000   Code   RO         2806    .ARM.Collect$$libinit$$0000000E  c_w.l(libinit2.o)
    0x08000254   0x00000000   Code   RO         2809    .ARM.Collect$$libinit$$00000011  c_w.l(libinit2.o)
    0x08000254   0x00000000   Code   RO         2811    .ARM.Collect$$libinit$$00000013  c_w.l(libinit2.o)
    0x08000254   0x00000000   Code   RO         2813    .ARM.Collect$$libinit$$00000015  c_w.l(libinit2.o)
    0x08000254   0x00000000   Code   RO         2815    .ARM.Collect$$libinit$$00000017  c_w.l(libinit2.o)
    0x08000254   0x00000000   Code   RO         2817    .ARM.Collect$$libinit$$00000019  c_w.l(libinit2.o)
    0x08000254   0x00000000   Code   RO         2819    .ARM.Collect$$libinit$$0000001B  c_w.l(libinit2.o)
    0x08000254   0x00000000   Code   RO         2821    .ARM.Collect$$libinit$$0000001D  c_w.l(libinit2.o)
    0x08000254   0x00000000   Code   RO         2823    .ARM.Collect$$libinit$$0000001F  c_w.l(libinit2.o)
    0x08000254   0x00000000   Code   RO         2825    .ARM.Collect$$libinit$$00000021  c_w.l(libinit2.o)
    0x08000254   0x00000000   Code   RO         2827    .ARM.Collect$$libinit$$00000023  c_w.l(libinit2.o)
    0x08000254   0x00000000   Code   RO         2829    .ARM.Collect$$libinit$$00000025  c_w.l(libinit2.o)
    0x08000254   0x00000000   Code   RO         2833    .ARM.Collect$$libinit$$0000002C  c_w.l(libinit2.o)
    0x08000254   0x00000000   Code   RO         2835    .ARM.Collect$$libinit$$0000002E  c_w.l(libinit2.o)
    0x08000254   0x00000000   Code   RO         2837    .ARM.Collect$$libinit$$00000030  c_w.l(libinit2.o)
    0x08000254   0x00000000   Code   RO         2839    .ARM.Collect$$libinit$$00000032  c_w.l(libinit2.o)
    0x08000254   0x00000002   Code   RO         2840    .ARM.Collect$$libinit$$00000033  c_w.l(libinit2.o)
    0x08000256   0x00000002   Code   RO         2858    .ARM.Collect$$libshutdown$$00000000  c_w.l(libshutdown.o)
    0x08000258   0x00000000   Code   RO         2869    .ARM.Collect$$libshutdown$$00000003  c_w.l(libshutdown2.o)
    0x08000258   0x00000000   Code   RO         2872    .ARM.Collect$$libshutdown$$00000006  c_w.l(libshutdown2.o)
    0x08000258   0x00000000   Code   RO         2875    .ARM.Collect$$libshutdown$$00000009  c_w.l(libshutdown2.o)
    0x08000258   0x00000000   Code   RO         2877    .ARM.Collect$$libshutdown$$0000000B  c_w.l(libshutdown2.o)
    0x08000258   0x00000000   Code   RO         2880    .ARM.Collect$$libshutdown$$0000000E  c_w.l(libshutdown2.o)
    0x08000258   0x00000002   Code   RO         2881    .ARM.Collect$$libshutdown$$0000000F  c_w.l(libshutdown2.o)
    0x0800025a   0x00000000   Code   RO         2636    .ARM.Collect$$rtentry$$00000000  c_w.l(__rtentry.o)
    0x0800025a   0x00000000   Code   RO         2706    .ARM.Collect$$rtentry$$00000002  c_w.l(__rtentry2.o)
    0x0800025a   0x00000006   Code   RO         2718    .ARM.Collect$$rtentry$$00000004  c_w.l(__rtentry4.o)
    0x08000260   0x00000000   Code   RO         2708    .ARM.Collect$$rtentry$$00000009  c_w.l(__rtentry2.o)
    0x08000260   0x00000004   Code   RO         2709    .ARM.Collect$$rtentry$$0000000A  c_w.l(__rtentry2.o)
    0x08000264   0x00000000   Code   RO         2711    .ARM.Collect$$rtentry$$0000000C  c_w.l(__rtentry2.o)
    0x08000264   0x00000008   Code   RO         2712    .ARM.Collect$$rtentry$$0000000D  c_w.l(__rtentry2.o)
    0x0800026c   0x00000002   Code   RO         2792    .ARM.Collect$$rtexit$$00000000  c_w.l(rtexit.o)
    0x0800026e   0x00000000   Code   RO         2842    .ARM.Collect$$rtexit$$00000002  c_w.l(rtexit2.o)
    0x0800026e   0x00000004   Code   RO         2843    .ARM.Collect$$rtexit$$00000003  c_w.l(rtexit2.o)
    0x08000272   0x00000006   Code   RO         2844    .ARM.Collect$$rtexit$$00000004  c_w.l(rtexit2.o)
    0x08000278   0x00000040   Code   RO          325    .text               startup_stm32f40_41xxx.o
    0x080002b8   0x00000002   Code   RO         2551    .text               c_w.l(use_no_semi_2.o)
    0x080002ba   0x00000002   PAD
    0x080002bc   0x00000018   Code   RO         2555    .text               c_w.l(__2printf.o)
    0x080002d4   0x00000078   Code   RO         2563    .text               c_w.l(_printf_dec.o)
    0x0800034c   0x00000188   Code   RO         2603    .text               c_w.l(__printf_flags_ss_wp.o)
    0x080004d4   0x00000024   Code   RO         2612    .text               c_w.l(strstr.o)
    0x080004f8   0x00000006   Code   RO         2624    .text               c_w.l(heapauxi.o)
    0x080004fe   0x00000002   Code   RO         2634    .text               c_w.l(use_no_semi.o)
    0x08000500   0x000000b2   Code   RO         2646    .text               c_w.l(_printf_intcommon.o)
    0x080005b2   0x00000002   PAD
    0x080005b4   0x00000030   Code   RO         2650    .text               c_w.l(_printf_char_common.o)
    0x080005e4   0x00000024   Code   RO         2656    .text               c_w.l(_printf_char_file.o)
    0x08000608   0x00000008   Code   RO         2702    .text               c_w.l(libspace.o)
    0x08000610   0x00000008   Code   RO         2732    .text               c_w.l(ferror.o)
    0x08000618   0x0000004a   Code   RO         2738    .text               c_w.l(sys_stackheap_outer.o)
    0x08000662   0x0000000c   Code   RO         2780    .text               c_w.l(exit.o)
    0x0800066e   0x00000002   PAD
    0x08000670   0x00000014   Code   RO         1583    i.BEEP_Close        beep.o
    0x08000684   0x00000040   Code   RO         1584    i.BEEP_Init         beep.o
    0x080006c4   0x00000004   Code   RO          216    i.BusFault_Handler  stm32f4xx_it.o
    0x080006c8   0x0000003c   Code   RO         2046    i.DHT11_Convert_Mode  dht11.o
    0x08000704   0x0000011c   Code   RO         2047    i.DHT11_Get_Data    dht11.o
    0x08000820   0x00000040   Code   RO         2048    i.DHT11_Init        dht11.o
    0x08000860   0x0000011c   Code   RO         2049    i.DTH11_Get_Print   dht11.o
    0x0800097c   0x00000002   Code   RO          217    i.DebugMon_Handler  stm32f4xx_it.o
    0x0800097e   0x00000090   Code   RO          332    i.GPIO_Init         stm32f4xx_gpio.o
    0x08000a0e   0x00000046   Code   RO          333    i.GPIO_PinAFConfig  stm32f4xx_gpio.o
    0x08000a54   0x00000012   Code   RO          336    i.GPIO_ReadInputDataBit  stm32f4xx_gpio.o
    0x08000a66   0x00000004   Code   RO          339    i.GPIO_ResetBits    stm32f4xx_gpio.o
    0x08000a6a   0x00000004   Code   RO          340    i.GPIO_SetBits      stm32f4xx_gpio.o
    0x08000a6e   0x00000002   PAD
    0x08000a70   0x0000006c   Code   RO         1831    i.HC_SR04_Init      hc_sr04.o
    0x08000adc   0x00000004   Code   RO          218    i.HardFault_Handler  stm32f4xx_it.o
    0x08000ae0   0x00000040   Code   RO         1886    i.IIC_Start         oled.o
    0x08000b20   0x00000040   Code   RO         1887    i.IIC_Stop          oled.o
    0x08000b60   0x0000003c   Code   RO         1888    i.IIC_Wait_Ack      oled.o
    0x08000b9c   0x00000088   Code   RO         2137    i.JudgeStr          as608.o
    0x08000c24   0x00000070   Code   RO         1621    i.KEY_Check         key.o
    0x08000c94   0x0000003c   Code   RO         1622    i.KEY_Init          key.o
    0x08000cd0   0x00000054   Code   RO         1661    i.LED_Close         led.o
    0x08000d24   0x0000005c   Code   RO         1663    i.LED_Init          led.o
    0x08000d80   0x00000054   Code   RO         1664    i.LED_Open          led.o
    0x08000dd4   0x0000001c   Code   RO         2138    i.MYUSART_SendData  as608.o
    0x08000df0   0x00000004   Code   RO          219    i.MemManage_Handler  stm32f4xx_it.o
    0x08000df4   0x00000002   Code   RO          220    i.NMI_Handler       stm32f4xx_it.o
    0x08000df6   0x00000002   PAD
    0x08000df8   0x00000078   Code   RO          789    i.NVIC_Init         misc.o
    0x08000e70   0x0000003e   Code   RO         1889    i.OLED_Clear        oled.o
    0x08000eae   0x000000d0   Code   RO         2398    i.OLED_Dispaly_Admin  oled_display.o
    0x08000f7e   0x00000048   Code   RO         2399    i.OLED_Dispaly_Admin_Choose  oled_display.o
    0x08000fc6   0x000000c6   Code   RO         2400    i.OLED_Dispaly_Admin_System  oled_display.o
    0x0800108c   0x0000008a   Code   RO         2401    i.OLED_Dispaly_Admin_System_Choose  oled_display.o
    0x08001116   0x0000010c   Code   RO         2403    i.OLED_Dispaly_System  oled_display.o
    0x08001222   0x00000044   Code   RO         2407    i.OLED_Dispaly_System_Pwdmod  oled_display.o
    0x08001266   0x000000e4   Code   RO         2408    i.OLED_Dispaly_System_Pwdmod_Choose  oled_display.o
    0x0800134a   0x00000002   PAD
    0x0800134c   0x00000050   Code   RO         2410    i.OLED_Dispaly_System_Pwdmod_Pwd  oled_display.o
    0x0800139c   0x0000008a   Code   RO         2412    i.OLED_Dispaly_System_choose  oled_display.o
    0x08001426   0x00000044   Code   RO         2413    i.OLED_Dispaly_Warming  oled_display.o
    0x0800146a   0x00000076   Code   RO         1892    i.OLED_DrawBMP      oled.o
    0x080014e0   0x00000128   Code   RO         1893    i.OLED_Init         oled.o
    0x08001608   0x00000028   Code   RO         1895    i.OLED_Set_Pos      oled.o
    0x08001630   0x00000068   Code   RO         1896    i.OLED_ShowCHinese  oled.o
    0x08001698   0x000000a4   Code   RO         1897    i.OLED_ShowChar     oled.o
    0x0800173c   0x00000088   Code   RO         1898    i.OLED_ShowNum      oled.o
    0x080017c4   0x0000003a   Code   RO         1899    i.OLED_ShowString   oled.o
    0x080017fe   0x00000018   Code   RO         1900    i.OLED_WR_Byte      oled.o
    0x08001816   0x00000046   Code   RO         2141    i.PS_GenChar        as608.o
    0x0800185c   0x0000003a   Code   RO         2142    i.PS_GetImage       as608.o
    0x08001896   0x00000090   Code   RO         2144    i.PS_HighSpeedSearch  as608.o
    0x08001926   0x00000002   PAD
    0x08001928   0x00000030   Code   RO         2151    i.PS_StaGPIO_Init   as608.o
    0x08001958   0x00000002   Code   RO          221    i.PendSV_Handler    stm32f4xx_it.o
    0x0800195a   0x00000002   PAD
    0x0800195c   0x00000020   Code   RO          455    i.RCC_AHB1PeriphClockCmd  stm32f4xx_rcc.o
    0x0800197c   0x00000020   Code   RO          464    i.RCC_APB1PeriphClockCmd  stm32f4xx_rcc.o
    0x0800199c   0x00000020   Code   RO          466    i.RCC_APB1PeriphResetCmd  stm32f4xx_rcc.o
    0x080019bc   0x00000020   Code   RO          467    i.RCC_APB2PeriphClockCmd  stm32f4xx_rcc.o
    0x080019dc   0x00000020   Code   RO          469    i.RCC_APB2PeriphResetCmd  stm32f4xx_rcc.o
    0x080019fc   0x000000e8   Code   RO          476    i.RCC_GetClocksFreq  stm32f4xx_rcc.o
    0x08001ae4   0x00000002   Code   RO          222    i.SVC_Handler       stm32f4xx_it.o
    0x08001ae6   0x00000002   PAD
    0x08001ae8   0x00000034   Code   RO         2156    i.SendAddr          as608.o
    0x08001b1c   0x00000012   Code   RO         2157    i.SendCheck         as608.o
    0x08001b2e   0x0000000c   Code   RO         2158    i.SendFlag          as608.o
    0x08001b3a   0x00000010   Code   RO         2159    i.SendHead          as608.o
    0x08001b4a   0x00000014   Code   RO         2160    i.SendLength        as608.o
    0x08001b5e   0x0000000c   Code   RO         2161    i.Sendcmd           as608.o
    0x08001b6a   0x00000002   PAD
    0x08001b6c   0x000000ec   Code   RO          287    i.SetSysClock       system_stm32f4xx.o
    0x08001c58   0x00000002   Code   RO          223    i.SysTick_Handler   stm32f4xx_it.o
    0x08001c5a   0x00000002   PAD
    0x08001c5c   0x00000068   Code   RO          289    i.SystemInit        system_stm32f4xx.o
    0x08001cc4   0x00000034   Code   RO         2365    i.TIM7_IRQHandler   timer.o
    0x08001cf8   0x00000050   Code   RO         2366    i.TIM7_Int_Init     timer.o
    0x08001d48   0x00000006   Code   RO         1032    i.TIM_ClearITPendingBit  stm32f4xx_tim.o
    0x08001d4e   0x00000018   Code   RO         1037    i.TIM_Cmd           stm32f4xx_tim.o
    0x08001d66   0x00000022   Code   RO         1058    i.TIM_GetITStatus   stm32f4xx_tim.o
    0x08001d88   0x00000012   Code   RO         1062    i.TIM_ITConfig      stm32f4xx_tim.o
    0x08001d9a   0x00000004   Code   RO         1103    i.TIM_SetCounter    stm32f4xx_tim.o
    0x08001d9e   0x00000002   PAD
    0x08001da0   0x00000084   Code   RO         1109    i.TIM_TimeBaseInit  stm32f4xx_tim.o
    0x08001e24   0x00000070   Code   RO         1756    i.USART1_IRQHandler  usart.o
    0x08001e94   0x000000b0   Code   RO         1757    i.USART1_Init       usart.o
    0x08001f44   0x00000070   Code   RO         2084    i.USART2_IRQHandler  as608_usart2.o
    0x08001fb4   0x0000001e   Code   RO          834    i.USART_ClearITPendingBit  stm32f4xx_usart.o
    0x08001fd2   0x00000018   Code   RO          837    i.USART_Cmd         stm32f4xx_usart.o
    0x08001fea   0x00000002   PAD
    0x08001fec   0x000000f0   Code   RO          839    i.USART_DeInit      stm32f4xx_usart.o
    0x080020dc   0x0000001a   Code   RO          840    i.USART_GetFlagStatus  stm32f4xx_usart.o
    0x080020f6   0x00000054   Code   RO          841    i.USART_GetITStatus  stm32f4xx_usart.o
    0x0800214a   0x0000004a   Code   RO          843    i.USART_ITConfig    stm32f4xx_usart.o
    0x08002194   0x000000d4   Code   RO          844    i.USART_Init        stm32f4xx_usart.o
    0x08002268   0x0000000a   Code   RO          851    i.USART_ReceiveData  stm32f4xx_usart.o
    0x08002272   0x00000008   Code   RO          854    i.USART_SendData    stm32f4xx_usart.o
    0x0800227a   0x00000004   Code   RO          224    i.UsageFault_Handler  stm32f4xx_it.o
    0x0800227e   0x00000002   PAD
    0x08002280   0x0000006c   Code   RO         1901    i.Write_IIC_Byte    oled.o
    0x080022ec   0x0000002c   Code   RO         1902    i.Write_IIC_Command  oled.o
    0x08002318   0x0000002c   Code   RO         1903    i.Write_IIC_Data    oled.o
    0x08002344   0x0000000e   Code   RO         2596    i._is_digit         c_w.l(__printf_wp.o)
    0x08002352   0x00000008   Code   RO         1762    i._sys_exit         usart.o
    0x0800235a   0x00000002   PAD
    0x0800235c   0x0000004c   Code   RO         1724    i.delay_ms          delay.o
    0x080023a8   0x00000048   Code   RO         1726    i.delay_us          delay.o
    0x080023f0   0x00000024   Code   RO         1763    i.fputc             usart.o
    0x08002414   0x00000038   Code   RO         1905    i.i2c_sda_mode      oled.o
    0x0800244c   0x000007b8   Code   RO            3    i.main              main.o
    0x08002c04   0x00000016   Code   RO         1906    i.oled_pow          oled.o
    0x08002c1a   0x00000002   PAD
    0x08002c1c   0x00000080   Code   RO         2316    i.press_FR          as608_func.o
    0x08002c9c   0x00000020   Code   RO            4    i.pwd_change        main.o
    0x08002cbc   0x00000028   Code   RO            5    i.pwd_comp          main.o
    0x08002ce4   0x00000028   Code   RO            6    i.pwd_comp2         main.o
    0x08002d0c   0x00000018   Code   RO            7    i.re_pwd_buf        main.o
    0x08002d24   0x000000d4   Code   RO         2086    i.usart2_init       as608_usart2.o
    0x08002df8   0x0000000a   Code   RO         2850    x$fpl$fpinit        fz_wm.l(fpinit.o)
    0x08002e02   0x00000818   Data   RO         1907    .constdata          oled.o
    0x0800361a   0x00000011   Data   RO         2604    .constdata          c_w.l(__printf_flags_ss_wp.o)
    0x0800362b   0x00000001   PAD
    0x0800362c   0x00000020   Data   RO         2913    Region$$Table       anon$$obj.o


    Execution Region RW_IRAM1 (Base: 0x20000000, Size: 0x00006a58, Max: 0x00020000, ABSOLUTE, COMPRESSED[0x00001d2c])

    Base Addr    Size         Type   Attr      Idx    E Section Name        Object

    0x20000000   0x00002828   Data   RW            9    .data               main.o
    0x20002828   0x00000014   Data   RW          290    .data               system_stm32f4xx.o
    0x2000283c   0x00000010   Data   RW          508    .data               stm32f4xx_rcc.o
    0x2000284c   0x00000028   Data   RW         1765    .data               usart.o
    0x20002874   0x00003848   Data   RW         1908    .data               oled.o
    0x200060bc   0x00000002   Data   RW         2088    .data               as608_usart2.o
    0x200060be   0x00000002   PAD
    0x200060c0   0x00000004   Data   RW         2162    .data               as608.o
    0x200060c4   0x00000004   PAD
    0x200060c8   0x00000320   Zero   RW         2087    .bss                as608_usart2.o
    0x200063e8   0x0000000c   Zero   RW         2317    .bss                as608_func.o
    0x200063f4   0x00000060   Zero   RW         2703    .bss                c_w.l(libspace.o)
    0x20006454   0x00000004   PAD
    0x20006458   0x00000200   Zero   RW          323    HEAP                startup_stm32f40_41xxx.o
    0x20006658   0x00000400   Zero   RW          322    STACK               startup_stm32f40_41xxx.o


==============================================================================

Image component sizes


      Code (inc. data)   RO Data    RW Data    ZI Data      Debug   Object Name

       614         32          0          4          0       7930   as608.o
       128         52          0          0         12       1550   as608_func.o
       324         32          0          2        800       2230   as608_usart2.o
        84         12          0          0          0       1013   beep.o
       148         14          0          0          0       1054   delay.o
       692         48          0          0          0       2937   dht11.o
       108         10          0          0          0        583   hc_sr04.o
       172         18          0          0          0       1147   key.o
       260         30          0          0          0       1654   led.o
      2112        104          0      10280          0     286480   main.o
       120         14          0          0          0        996   misc.o
      1464         74       2072      14408          0      11825   oled.o
      1466          6          0          0          0       6072   oled_display.o
        64         26        392          0       1536        840   startup_stm32f40_41xxx.o
       240          0          0          0          0     232627   stm32f4xx_gpio.o
        26          0          0          0          0       4034   stm32f4xx_it.o
       392         48          0         16          0       5777   stm32f4xx_rcc.o
       218         28          0          0          0       4183   stm32f4xx_tim.o
       708         42          0          0          0       6694   stm32f4xx_usart.o
       340         32          0         20          0       1733   system_stm32f4xx.o
       132         14          0          0          0       1178   timer.o
       332         48          0         40          0       5130   usart.o

    ----------------------------------------------------------------------
     10170        684       2496      24772       2352     587667   Object Totals
         0          0         32          0          0          0   (incl. Generated)
        26          0          0          2          4          0   (incl. Padding)

    ----------------------------------------------------------------------

      Code (inc. data)   RO Data    RW Data    ZI Data      Debug   Library Member Name

        24          4          0          0          0         84   __2printf.o
       100          0          0          0          0          0   __dclz77c.o
         8          0          0          0          0         68   __main.o
       392          4         17          0          0         92   __printf_flags_ss_wp.o
        14          0          0          0          0         68   __printf_wp.o
         0          0          0          0          0          0   __rtentry.o
        12          0          0          0          0          0   __rtentry2.o
         6          0          0          0          0          0   __rtentry4.o
        52          8          0          0          0          0   __scatter.o
        28          0          0          0          0          0   __scatter_zi.o
        48          6          0          0          0         96   _printf_char_common.o
        36          4          0          0          0         80   _printf_char_file.o
         6          0          0          0          0          0   _printf_d.o
       120         16          0          0          0         92   _printf_dec.o
       178          0          0          0          0         88   _printf_intcommon.o
         0          0          0          0          0          0   _printf_percent.o
         4          0          0          0          0          0   _printf_percent_end.o
        12          0          0          0          0         72   exit.o
         8          0          0          0          0         68   ferror.o
         6          0          0          0          0        152   heapauxi.o
         2          0          0          0          0          0   libinit.o
         6          0          0          0          0          0   libinit2.o
         2          0          0          0          0          0   libshutdown.o
         2          0          0          0          0          0   libshutdown2.o
         8          4          0          0         96         68   libspace.o
         2          0          0          0          0          0   rtexit.o
        10          0          0          0          0          0   rtexit2.o
        36          0          0          0          0         80   strstr.o
        74          0          0          0          0         80   sys_stackheap_outer.o
         2          0          0          0          0         68   use_no_semi.o
         2          0          0          0          0         68   use_no_semi_2.o
        10          0          0          0          0        116   fpinit.o

    ----------------------------------------------------------------------
      1216         46         18          0        100       1440   Library Totals
         6          0          1          0          4          0   (incl. Padding)

    ----------------------------------------------------------------------

      Code (inc. data)   RO Data    RW Data    ZI Data      Debug   Library Name

      1200         46         17          0         96       1324   c_w.l
        10          0          0          0          0        116   fz_wm.l

    ----------------------------------------------------------------------
      1216         46         18          0        100       1440   Library Totals

    ----------------------------------------------------------------------

==============================================================================


      Code (inc. data)   RO Data    RW Data    ZI Data      Debug   

     11386        730       2514      24772       2452     578483   Grand Totals
     11386        730       2514       7468       2452     578483   ELF Image Totals (compressed)
     11386        730       2514       7468          0          0   ROM Totals

==============================================================================

    Total RO  Size (Code + RO Data)                13900 (  13.57kB)
    Total RW  Size (RW Data + ZI Data)             27224 (  26.59kB)
    Total ROM Size (Code + RO Data + RW Data)      21368 (  20.87kB)

==============================================================================

