<html>
<body>
<pre>
<h1>礦ision Build Log</h1>
<h2>Tool Versions:</h2>
IDE-Version: μVision V5.14.0.0
Copyright (C) 2015 ARM Ltd and ARM Germany GmbH. All rights reserved.
License Information: 1 1, 1, LIC=EPPLD-898DR-79QG1-C0TI5-BLK2R-34CXG
 
Tool Versions:
Toolchain:       MDK-ARM Professional  Version: 5.14.0.0
Toolchain Path:  C:\Keil_v5\ARM\ARMCC\Bin
C Compiler:      Armcc.exe V5.05 update 1 (build 106)
Assembler:       Armasm.exe V5.05 update 1 (build 106)
Linker/Locator:  ArmLink.exe V5.05 update 1 (build 106)
Library Manager: ArmAr.exe V5.05 update 1 (build 106)
Hex Converter:   FromElf.exe V5.05 update 1 (build 106)
CPU DLL:         SARMCM3.DLL V5.14.0.0
Dialog DLL:      DCM.DLL V1.13.1.0
Target DLL:      Segger\JL2CM3.dll V2.99.13.0
Dialog DLL:      TCM.DLL V1.14.4.0
 
<h2>Project:</h2>
C:\Users\mikawa\Desktop\实训\project1\project\USER\project.uvprojx
Project File Date:  07/15/2021

<h2>Output:</h2>
Rebuild target 'project'
compiling main.c...
main.c(45): warning:  #177-D: variable "led_num" was declared but never referenced
        int led_num=3;  // 闪灯速度调节灯
main.c: 1 warning, 0 errors
compiling stm32f4xx_it.c...
compiling system_stm32f4xx.c...
assembling startup_stm32f40_41xxx.s...
compiling stm32f4xx_gpio.c...
compiling stm32f4xx_rcc.c...
compiling misc.c...
compiling stm32f4xx_usart.c...
compiling beep.c...
compiling key.c...
compiling led.c...
compiling delay.c...
compiling usart.c...
compiling hc_sr04.c...
..\HARDWARE\hc_sr04\hc_sr04.c(71): warning:  #1035-D: single-precision operand implicitly converted to double-precision
        return 3.3*count;
..\HARDWARE\hc_sr04\hc_sr04.c(140): warning:  #1-D: last line of file ends without a newline
  }
..\HARDWARE\hc_sr04\hc_sr04.c: 2 warnings, 0 errors
linking...
Program Size: Code=5296 RO-data=424 RW-data=72 ZI-data=1888  
FromELF: creating hex file...
"..\OBJ\project.axf" - 0 Error(s), 3 Warning(s).

<h2>Collection of Component include folders:</h2>
  C:\Users\mikawa\Desktop\实训\project1\project\USER\RTE
  C:\Keil_v5\ARM\PACK\Keil\STM32F4xx_DFP\1.0.8\Device\Include

<h2>Collection of Component Files used:</h2>
</pre>
</body>
</html>
